running egg_info
creating ../../build/hello_10hz_tandl/hello_10hz_tandl.egg-info
writing ../../build/hello_10hz_tandl/hello_10hz_tandl.egg-info/PKG-INFO
writing dependency_links to ../../build/hello_10hz_tandl/hello_10hz_tandl.egg-info/dependency_links.txt
writing entry points to ../../build/hello_10hz_tandl/hello_10hz_tandl.egg-info/entry_points.txt
writing requirements to ../../build/hello_10hz_tandl/hello_10hz_tandl.egg-info/requires.txt
writing top-level names to ../../build/hello_10hz_tandl/hello_10hz_tandl.egg-info/top_level.txt
writing manifest file '../../build/hello_10hz_tandl/hello_10hz_tandl.egg-info/SOURCES.txt'
reading manifest file '../../build/hello_10hz_tandl/hello_10hz_tandl.egg-info/SOURCES.txt'
writing manifest file '../../build/hello_10hz_tandl/hello_10hz_tandl.egg-info/SOURCES.txt'
running build
running build_py
creating /home/shinnosuke/projects/ros2-learning/ros_ws/build/hello_10hz_tandl/build
creating /home/shinnosuke/projects/ros2-learning/ros_ws/build/hello_10hz_tandl/build/lib
creating /home/shinnosuke/projects/ros2-learning/ros_ws/build/hello_10hz_tandl/build/lib/hello_10hz_tandl
copying hello_10hz_tandl/listner.py -> /home/shinnosuke/projects/ros2-learning/ros_ws/build/hello_10hz_tandl/build/lib/hello_10hz_tandl
copying hello_10hz_tandl/__init__.py -> /home/shinnosuke/projects/ros2-learning/ros_ws/build/hello_10hz_tandl/build/lib/hello_10hz_tandl
copying hello_10hz_tandl/talker.py -> /home/shinnosuke/projects/ros2-learning/ros_ws/build/hello_10hz_tandl/build/lib/hello_10hz_tandl
running install
running install_lib
creating /home/shinnosuke/projects/ros2-learning/ros_ws/install/hello_10hz_tandl/lib/python3.12/site-packages/hello_10hz_tandl
copying /home/shinnosuke/projects/ros2-learning/ros_ws/build/hello_10hz_tandl/build/lib/hello_10hz_tandl/listner.py -> /home/shinnosuke/projects/ros2-learning/ros_ws/install/hello_10hz_tandl/lib/python3.12/site-packages/hello_10hz_tandl
copying /home/shinnosuke/projects/ros2-learning/ros_ws/build/hello_10hz_tandl/build/lib/hello_10hz_tandl/__init__.py -> /home/shinnosuke/projects/ros2-learning/ros_ws/install/hello_10hz_tandl/lib/python3.12/site-packages/hello_10hz_tandl
copying /home/shinnosuke/projects/ros2-learning/ros_ws/build/hello_10hz_tandl/build/lib/hello_10hz_tandl/talker.py -> /home/shinnosuke/projects/ros2-learning/ros_ws/install/hello_10hz_tandl/lib/python3.12/site-packages/hello_10hz_tandl
byte-compiling /home/shinnosuke/projects/ros2-learning/ros_ws/install/hello_10hz_tandl/lib/python3.12/site-packages/hello_10hz_tandl/listner.py to listner.cpython-312.pyc
byte-compiling /home/shinnosuke/projects/ros2-learning/ros_ws/install/hello_10hz_tandl/lib/python3.12/site-packages/hello_10hz_tandl/__init__.py to __init__.cpython-312.pyc
byte-compiling /home/shinnosuke/projects/ros2-learning/ros_ws/install/hello_10hz_tandl/lib/python3.12/site-packages/hello_10hz_tandl/talker.py to talker.cpython-312.pyc
running install_data
creating /home/shinnosuke/projects/ros2-learning/ros_ws/install/hello_10hz_tandl/share/ament_index
creating /home/shinnosuke/projects/ros2-learning/ros_ws/install/hello_10hz_tandl/share/ament_index/resource_index
creating /home/shinnosuke/projects/ros2-learning/ros_ws/install/hello_10hz_tandl/share/ament_index/resource_index/packages
copying resource/hello_10hz_tandl -> /home/shinnosuke/projects/ros2-learning/ros_ws/install/hello_10hz_tandl/share/ament_index/resource_index/packages
copying package.xml -> /home/shinnosuke/projects/ros2-learning/ros_ws/install/hello_10hz_tandl/share/hello_10hz_tandl
running install_egg_info
Copying ../../build/hello_10hz_tandl/hello_10hz_tandl.egg-info to /home/shinnosuke/projects/ros2-learning/ros_ws/install/hello_10hz_tandl/lib/python3.12/site-packages/hello_10hz_tandl-0.0.0-py3.12.egg-info
running install_scripts
Installing listner script to /home/shinnosuke/projects/ros2-learning/ros_ws/install/hello_10hz_tandl/lib/hello_10hz_tandl
Installing talker script to /home/shinnosuke/projects/ros2-learning/ros_ws/install/hello_10hz_tandl/lib/hello_10hz_tandl
writing list of installed files to '/home/shinnosuke/projects/ros2-learning/ros_ws/build/hello_10hz_tandl/install.log'
