[0.405s] DEBUG:colcon:Command line arguments: ['/usr/bin/colcon', 'build', '--packages-select', '1hz_hello']
[0.405s] DEBUG:colcon:Parsed command line arguments: Namespace(log_base=None, log_level=None, verb_name='build', build_base='build', install_base='install', merge_install=False, symlink_install=False, test_result_base=None, continue_on_error=False, executor='parallel', parallel_workers=16, event_handlers=None, ignore_user_meta=False, metas=['./colcon.meta'], base_paths=['.'], packages_ignore=None, packages_ignore_regex=None, paths=None, packages_up_to=None, packages_up_to_regex=None, packages_above=None, packages_above_and_dependencies=None, packages_above_depth=None, packages_select_by_dep=None, packages_skip_by_dep=None, packages_skip_up_to=None, packages_select_build_failed=False, packages_skip_build_finished=False, packages_select_test_failures=False, packages_skip_test_passed=False, packages_select=['1hz_hello'], packages_skip=None, packages_select_regex=None, packages_skip_regex=None, packages_start=None, packages_end=None, cmake_args=None, cmake_target=None, cmake_target_skip_unavailable=False, cmake_clean_cache=False, cmake_clean_first=False, cmake_force_configure=False, ament_cmake_args=None, catkin_cmake_args=None, catkin_skip_building_tests=False, verb_parser=<colcon_defaults.argument_parser.defaults.DefaultArgumentsDecorator object at 0x79d3136cdf40>, verb_extension=<colcon_core.verb.build.BuildVerb object at 0x79d3136cdb80>, main=<bound method BuildVerb.main of <colcon_core.verb.build.BuildVerb object at 0x79d3136cdb80>>)
[0.498s] Level 1:colcon.colcon_core.package_discovery:discover_packages(colcon_meta) check parameters
[0.498s] Level 1:colcon.colcon_core.package_discovery:discover_packages(recursive) check parameters
[0.499s] Level 1:colcon.colcon_core.package_discovery:discover_packages(ignore) check parameters
[0.499s] Level 1:colcon.colcon_core.package_discovery:discover_packages(path) check parameters
[0.499s] Level 1:colcon.colcon_core.package_discovery:discover_packages(colcon_meta) discover
[0.499s] Level 1:colcon.colcon_core.package_discovery:discover_packages(recursive) discover
[0.499s] INFO:colcon.colcon_core.package_discovery:Crawling recursively for packages in '/home/shinnosuke/projects/ros2-learning/ros_ws'
[0.499s] Level 1:colcon.colcon_core.package_identification:_identify(.) by extensions ['ignore', 'ignore_ament_install']
[0.500s] Level 1:colcon.colcon_core.package_identification:_identify(.) by extension 'ignore'
[0.500s] Level 1:colcon.colcon_core.package_identification:_identify(.) by extension 'ignore_ament_install'
[0.500s] Level 1:colcon.colcon_core.package_identification:_identify(.) by extensions ['colcon_pkg']
[0.500s] Level 1:colcon.colcon_core.package_identification:_identify(.) by extension 'colcon_pkg'
[0.501s] Level 1:colcon.colcon_core.package_identification:_identify(.) by extensions ['colcon_meta']
[0.501s] Level 1:colcon.colcon_core.package_identification:_identify(.) by extension 'colcon_meta'
[0.501s] Level 1:colcon.colcon_core.package_identification:_identify(.) by extensions ['ros']
[0.501s] Level 1:colcon.colcon_core.package_identification:_identify(.) by extension 'ros'
[0.560s] Level 1:colcon.colcon_core.package_identification:_identify(.) by extensions ['cmake', 'python']
[0.560s] Level 1:colcon.colcon_core.package_identification:_identify(.) by extension 'cmake'
[0.560s] Level 1:colcon.colcon_core.package_identification:_identify(.) by extension 'python'
[0.561s] Level 1:colcon.colcon_core.package_identification:_identify(.) by extensions ['python_setup_py']
[0.561s] Level 1:colcon.colcon_core.package_identification:_identify(.) by extension 'python_setup_py'
[0.561s] Level 1:colcon.colcon_core.package_identification:_identify(build) by extensions ['ignore', 'ignore_ament_install']
[0.561s] Level 1:colcon.colcon_core.package_identification:_identify(build) by extension 'ignore'
[0.561s] Level 1:colcon.colcon_core.package_identification:_identify(build) ignored
[0.562s] Level 1:colcon.colcon_core.package_identification:_identify(install) by extensions ['ignore', 'ignore_ament_install']
[0.562s] Level 1:colcon.colcon_core.package_identification:_identify(install) by extension 'ignore'
[0.562s] Level 1:colcon.colcon_core.package_identification:_identify(install) ignored
[0.562s] Level 1:colcon.colcon_core.package_identification:_identify(log) by extensions ['ignore', 'ignore_ament_install']
[0.562s] Level 1:colcon.colcon_core.package_identification:_identify(log) by extension 'ignore'
[0.562s] Level 1:colcon.colcon_core.package_identification:_identify(log) ignored
[0.562s] Level 1:colcon.colcon_core.package_identification:_identify(src) by extensions ['ignore', 'ignore_ament_install']
[0.562s] Level 1:colcon.colcon_core.package_identification:_identify(src) by extension 'ignore'
[0.563s] Level 1:colcon.colcon_core.package_identification:_identify(src) by extension 'ignore_ament_install'
[0.563s] Level 1:colcon.colcon_core.package_identification:_identify(src) by extensions ['colcon_pkg']
[0.563s] Level 1:colcon.colcon_core.package_identification:_identify(src) by extension 'colcon_pkg'
[0.563s] Level 1:colcon.colcon_core.package_identification:_identify(src) by extensions ['colcon_meta']
[0.563s] Level 1:colcon.colcon_core.package_identification:_identify(src) by extension 'colcon_meta'
[0.563s] Level 1:colcon.colcon_core.package_identification:_identify(src) by extensions ['ros']
[0.563s] Level 1:colcon.colcon_core.package_identification:_identify(src) by extension 'ros'
[0.563s] Level 1:colcon.colcon_core.package_identification:_identify(src) by extensions ['cmake', 'python']
[0.563s] Level 1:colcon.colcon_core.package_identification:_identify(src) by extension 'cmake'
[0.563s] Level 1:colcon.colcon_core.package_identification:_identify(src) by extension 'python'
[0.563s] Level 1:colcon.colcon_core.package_identification:_identify(src) by extensions ['python_setup_py']
[0.563s] Level 1:colcon.colcon_core.package_identification:_identify(src) by extension 'python_setup_py'
[0.563s] Level 1:colcon.colcon_core.package_identification:_identify(src/1hz_hello) by extensions ['ignore', 'ignore_ament_install']
[0.564s] Level 1:colcon.colcon_core.package_identification:_identify(src/1hz_hello) by extension 'ignore'
[0.564s] Level 1:colcon.colcon_core.package_identification:_identify(src/1hz_hello) by extension 'ignore_ament_install'
[0.564s] Level 1:colcon.colcon_core.package_identification:_identify(src/1hz_hello) by extensions ['colcon_pkg']
[0.564s] Level 1:colcon.colcon_core.package_identification:_identify(src/1hz_hello) by extension 'colcon_pkg'
[0.564s] Level 1:colcon.colcon_core.package_identification:_identify(src/1hz_hello) by extensions ['colcon_meta']
[0.564s] Level 1:colcon.colcon_core.package_identification:_identify(src/1hz_hello) by extension 'colcon_meta'
[0.564s] Level 1:colcon.colcon_core.package_identification:_identify(src/1hz_hello) by extensions ['ros']
[0.564s] Level 1:colcon.colcon_core.package_identification:_identify(src/1hz_hello) by extension 'ros'
[0.571s] DEBUG:colcon.colcon_core.package_identification:Package 'src/1hz_hello' with type 'ros.ament_python' and name '1hz_hello'
[0.571s] Level 1:colcon.colcon_core.package_identification:_identify(src/260621test) by extensions ['ignore', 'ignore_ament_install']
[0.572s] Level 1:colcon.colcon_core.package_identification:_identify(src/260621test) by extension 'ignore'
[0.572s] Level 1:colcon.colcon_core.package_identification:_identify(src/260621test) by extension 'ignore_ament_install'
[0.572s] Level 1:colcon.colcon_core.package_identification:_identify(src/260621test) by extensions ['colcon_pkg']
[0.572s] Level 1:colcon.colcon_core.package_identification:_identify(src/260621test) by extension 'colcon_pkg'
[0.572s] Level 1:colcon.colcon_core.package_identification:_identify(src/260621test) by extensions ['colcon_meta']
[0.572s] Level 1:colcon.colcon_core.package_identification:_identify(src/260621test) by extension 'colcon_meta'
[0.572s] Level 1:colcon.colcon_core.package_identification:_identify(src/260621test) by extensions ['ros']
[0.572s] Level 1:colcon.colcon_core.package_identification:_identify(src/260621test) by extension 'ros'
[0.574s] DEBUG:colcon.colcon_core.package_identification:Package 'src/260621test' with type 'ros.ament_python' and name '260621test'
[0.575s] Level 1:colcon.colcon_core.package_identification:_identify(src/my_learning_ros2) by extensions ['ignore', 'ignore_ament_install']
[0.575s] Level 1:colcon.colcon_core.package_identification:_identify(src/my_learning_ros2) by extension 'ignore'
[0.575s] Level 1:colcon.colcon_core.package_identification:_identify(src/my_learning_ros2) by extension 'ignore_ament_install'
[0.575s] Level 1:colcon.colcon_core.package_identification:_identify(src/my_learning_ros2) by extensions ['colcon_pkg']
[0.575s] Level 1:colcon.colcon_core.package_identification:_identify(src/my_learning_ros2) by extension 'colcon_pkg'
[0.575s] Level 1:colcon.colcon_core.package_identification:_identify(src/my_learning_ros2) by extensions ['colcon_meta']
[0.575s] Level 1:colcon.colcon_core.package_identification:_identify(src/my_learning_ros2) by extension 'colcon_meta'
[0.575s] Level 1:colcon.colcon_core.package_identification:_identify(src/my_learning_ros2) by extensions ['ros']
[0.575s] Level 1:colcon.colcon_core.package_identification:_identify(src/my_learning_ros2) by extension 'ros'
[0.577s] DEBUG:colcon.colcon_core.package_identification:Package 'src/my_learning_ros2' with type 'ros.ament_python' and name 'my_learning_ros2'
[0.577s] Level 1:colcon.colcon_core.package_discovery:discover_packages(recursive) using defaults
[0.577s] Level 1:colcon.colcon_core.package_discovery:discover_packages(ignore) discover
[0.577s] Level 1:colcon.colcon_core.package_discovery:discover_packages(ignore) using defaults
[0.577s] Level 1:colcon.colcon_core.package_discovery:discover_packages(path) discover
[0.577s] Level 1:colcon.colcon_core.package_discovery:discover_packages(path) using defaults
[0.635s] INFO:colcon.colcon_core.package_selection:Skipping not selected package '260621test' in 'src/260621test'
[0.635s] INFO:colcon.colcon_core.package_selection:Skipping not selected package 'my_learning_ros2' in 'src/my_learning_ros2'
[0.636s] Level 5:colcon.colcon_core.verb:set package '1hz_hello' build argument 'cmake_args' from command line to 'None'
[0.636s] Level 5:colcon.colcon_core.verb:set package '1hz_hello' build argument 'cmake_target' from command line to 'None'
[0.636s] Level 5:colcon.colcon_core.verb:set package '1hz_hello' build argument 'cmake_target_skip_unavailable' from command line to 'False'
[0.636s] Level 5:colcon.colcon_core.verb:set package '1hz_hello' build argument 'cmake_clean_cache' from command line to 'False'
[0.636s] Level 5:colcon.colcon_core.verb:set package '1hz_hello' build argument 'cmake_clean_first' from command line to 'False'
[0.636s] Level 5:colcon.colcon_core.verb:set package '1hz_hello' build argument 'cmake_force_configure' from command line to 'False'
[0.636s] Level 5:colcon.colcon_core.verb:set package '1hz_hello' build argument 'ament_cmake_args' from command line to 'None'
[0.636s] Level 5:colcon.colcon_core.verb:set package '1hz_hello' build argument 'catkin_cmake_args' from command line to 'None'
[0.636s] Level 5:colcon.colcon_core.verb:set package '1hz_hello' build argument 'catkin_skip_building_tests' from command line to 'False'
[0.636s] DEBUG:colcon.colcon_core.verb:Building package '1hz_hello' with the following arguments: {'ament_cmake_args': None, 'build_base': '/home/shinnosuke/projects/ros2-learning/ros_ws/build/1hz_hello', 'catkin_cmake_args': None, 'catkin_skip_building_tests': False, 'cmake_args': None, 'cmake_clean_cache': False, 'cmake_clean_first': False, 'cmake_force_configure': False, 'cmake_target': None, 'cmake_target_skip_unavailable': False, 'install_base': '/home/shinnosuke/projects/ros2-learning/ros_ws/install/1hz_hello', 'merge_install': False, 'path': '/home/shinnosuke/projects/ros2-learning/ros_ws/src/1hz_hello', 'symlink_install': False, 'test_result_base': None}
[0.636s] INFO:colcon.colcon_core.executor:Executing jobs using 'parallel' executor
[0.639s] DEBUG:colcon.colcon_parallel_executor.executor.parallel:run_until_complete
[0.639s] INFO:colcon.colcon_ros.task.ament_python.build:Building ROS package in '/home/shinnosuke/projects/ros2-learning/ros_ws/src/1hz_hello' with build type 'ament_python'
[0.640s] Level 1:colcon.colcon_core.shell:create_environment_hook('1hz_hello', 'ament_prefix_path')
[0.650s] INFO:colcon.colcon_core.plugin_system:Skipping extension 'colcon_core.shell.bat': Not used on non-Windows systems
[0.651s] INFO:colcon.colcon_core.shell:Creating environment descriptor '/home/shinnosuke/projects/ros2-learning/ros_ws/install/1hz_hello/share/1hz_hello/hook/ament_prefix_path.dsv'
[0.653s] INFO:colcon.colcon_core.shell:Creating environment hook '/home/shinnosuke/projects/ros2-learning/ros_ws/install/1hz_hello/share/1hz_hello/hook/ament_prefix_path.sh'
[0.655s] DEBUG:colcon.colcon_core.shell:Skip shell extension 'dsv' for command environment
[1.120s] INFO:colcon.colcon_core.task.python.build:Building Python package in '/home/shinnosuke/projects/ros2-learning/ros_ws/src/1hz_hello'
[1.120s] DEBUG:colcon.colcon_core.shell:Skip shell extension 'dsv' for command environment
[2.761s] DEBUG:colcon.colcon_core.event_handler.log_command:Invoking command in '/home/shinnosuke/projects/ros2-learning/ros_ws/src/1hz_hello': PYTHONPATH=/home/shinnosuke/projects/ros2-learning/ros_ws/build/1hz_hello/prefix_override:/usr/lib/python3/dist-packages/colcon_core/task/python/colcon_distutils_commands:/home/shinnosuke/projects/ros2-learning/ros_ws/install/1hz_hello/lib/python3.12/site-packages:${PYTHONPATH} /usr/bin/python3 -W ignore:setup.py install is deprecated -W ignore:easy_install command is deprecated setup.py egg_info --egg-base ../../build/1hz_hello build --build-base /home/shinnosuke/projects/ros2-learning/ros_ws/build/1hz_hello/build install --record /home/shinnosuke/projects/ros2-learning/ros_ws/build/1hz_hello/install.log --single-version-externally-managed install_data
[3.715s] DEBUG:colcon.colcon_core.event_handler.log_command:Invoked command in '/home/shinnosuke/projects/ros2-learning/ros_ws/src/1hz_hello' returned '0': PYTHONPATH=/home/shinnosuke/projects/ros2-learning/ros_ws/build/1hz_hello/prefix_override:/usr/lib/python3/dist-packages/colcon_core/task/python/colcon_distutils_commands:/home/shinnosuke/projects/ros2-learning/ros_ws/install/1hz_hello/lib/python3.12/site-packages:${PYTHONPATH} /usr/bin/python3 -W ignore:setup.py install is deprecated -W ignore:easy_install command is deprecated setup.py egg_info --egg-base ../../build/1hz_hello build --build-base /home/shinnosuke/projects/ros2-learning/ros_ws/build/1hz_hello/build install --record /home/shinnosuke/projects/ros2-learning/ros_ws/build/1hz_hello/install.log --single-version-externally-managed install_data
[3.729s] Level 1:colcon.colcon_core.environment:checking '/home/shinnosuke/projects/ros2-learning/ros_ws/install/1hz_hello' for CMake module files
[3.730s] Level 1:colcon.colcon_core.environment:checking '/home/shinnosuke/projects/ros2-learning/ros_ws/install/1hz_hello' for CMake config files
[3.732s] Level 1:colcon.colcon_core.environment:checking '/home/shinnosuke/projects/ros2-learning/ros_ws/install/1hz_hello/lib'
[3.732s] Level 1:colcon.colcon_core.environment:checking '/home/shinnosuke/projects/ros2-learning/ros_ws/install/1hz_hello/bin'
[3.732s] Level 1:colcon.colcon_core.environment:checking '/home/shinnosuke/projects/ros2-learning/ros_ws/install/1hz_hello/lib/pkgconfig/1hz_hello.pc'
[3.733s] Level 1:colcon.colcon_core.environment:checking '/home/shinnosuke/projects/ros2-learning/ros_ws/install/1hz_hello/lib/python3.12/site-packages'
[3.733s] Level 1:colcon.colcon_core.shell:create_environment_hook('1hz_hello', 'pythonpath')
[3.733s] INFO:colcon.colcon_core.shell:Creating environment descriptor '/home/shinnosuke/projects/ros2-learning/ros_ws/install/1hz_hello/share/1hz_hello/hook/pythonpath.dsv'
[3.735s] INFO:colcon.colcon_core.shell:Creating environment hook '/home/shinnosuke/projects/ros2-learning/ros_ws/install/1hz_hello/share/1hz_hello/hook/pythonpath.sh'
[3.736s] Level 1:colcon.colcon_core.environment:checking '/home/shinnosuke/projects/ros2-learning/ros_ws/install/1hz_hello/bin'
[3.736s] Level 1:colcon.colcon_core.environment:create_environment_scripts_only(1hz_hello)
[3.737s] INFO:colcon.colcon_core.shell:Creating package descriptor '/home/shinnosuke/projects/ros2-learning/ros_ws/install/1hz_hello/share/1hz_hello/package.dsv'
[3.740s] INFO:colcon.colcon_core.shell:Creating package script '/home/shinnosuke/projects/ros2-learning/ros_ws/install/1hz_hello/share/1hz_hello/package.sh'
[3.743s] INFO:colcon.colcon_core.shell:Creating package script '/home/shinnosuke/projects/ros2-learning/ros_ws/install/1hz_hello/share/1hz_hello/package.bash'
[3.745s] INFO:colcon.colcon_core.shell:Creating package script '/home/shinnosuke/projects/ros2-learning/ros_ws/install/1hz_hello/share/1hz_hello/package.zsh'
[3.747s] Level 1:colcon.colcon_core.environment:create_file_with_runtime_dependencies(/home/shinnosuke/projects/ros2-learning/ros_ws/install/1hz_hello/share/colcon-core/packages/1hz_hello)
[3.748s] DEBUG:colcon.colcon_parallel_executor.executor.parallel:closing loop
[3.749s] DEBUG:colcon.colcon_parallel_executor.executor.parallel:loop closed
[3.750s] DEBUG:colcon.colcon_parallel_executor.executor.parallel:run_until_complete finished with '0'
[3.750s] DEBUG:colcon.colcon_core.event_reactor:joining thread
[3.816s] INFO:colcon.colcon_core.plugin_system:Skipping extension 'colcon_notification.desktop_notification.notify_send': Could not find 'notify-send'
[3.816s] INFO:colcon.colcon_core.plugin_system:Skipping extension 'colcon_notification.desktop_notification.terminal_notifier': Not used on non-Darwin systems
[3.817s] INFO:colcon.colcon_core.plugin_system:Skipping extension 'colcon_notification.desktop_notification.win32': Not used on non-Windows systems
[3.817s] INFO:colcon.colcon_notification.desktop_notification:Sending desktop notification using 'notify2'
[3.820s] DEBUG:colcon.colcon_notification.desktop_notification.notify2:Failed to initialize notify2: org.freedesktop.DBus.Error.ServiceUnknown: The name org.freedesktop.Notifications was not provided by any .service files
[3.821s] DEBUG:colcon.colcon_core.event_reactor:joined thread
[3.821s] INFO:colcon.colcon_core.shell:Creating prefix script '/home/shinnosuke/projects/ros2-learning/ros_ws/install/local_setup.sh'
[3.824s] INFO:colcon.colcon_core.shell:Creating prefix util module '/home/shinnosuke/projects/ros2-learning/ros_ws/install/_local_setup_util_sh.py'
[3.827s] INFO:colcon.colcon_core.shell:Creating prefix chain script '/home/shinnosuke/projects/ros2-learning/ros_ws/install/setup.sh'
[3.830s] INFO:colcon.colcon_core.shell:Creating prefix script '/home/shinnosuke/projects/ros2-learning/ros_ws/install/local_setup.bash'
[3.832s] INFO:colcon.colcon_core.shell:Creating prefix chain script '/home/shinnosuke/projects/ros2-learning/ros_ws/install/setup.bash'
[3.834s] INFO:colcon.colcon_core.shell:Creating prefix script '/home/shinnosuke/projects/ros2-learning/ros_ws/install/local_setup.zsh'
[3.836s] INFO:colcon.colcon_core.shell:Creating prefix chain script '/home/shinnosuke/projects/ros2-learning/ros_ws/install/setup.zsh'
