[0.205s] DEBUG:colcon:Command line arguments: ['/usr/bin/colcon', 'build']
[0.205s] DEBUG:colcon:Parsed command line arguments: Namespace(log_base=None, log_level=None, verb_name='build', build_base='build', install_base='install', merge_install=False, symlink_install=False, test_result_base=None, continue_on_error=False, executor='parallel', parallel_workers=16, event_handlers=None, ignore_user_meta=False, metas=['./colcon.meta'], base_paths=['.'], packages_ignore=None, packages_ignore_regex=None, paths=None, packages_up_to=None, packages_up_to_regex=None, packages_above=None, packages_above_and_dependencies=None, packages_above_depth=None, packages_select_by_dep=None, packages_skip_by_dep=None, packages_skip_up_to=None, packages_select_build_failed=False, packages_skip_build_finished=False, packages_select_test_failures=False, packages_skip_test_passed=False, packages_select=None, packages_skip=None, packages_select_regex=None, packages_skip_regex=None, packages_start=None, packages_end=None, cmake_args=None, cmake_target=None, cmake_target_skip_unavailable=False, cmake_clean_cache=False, cmake_clean_first=False, cmake_force_configure=False, ament_cmake_args=None, catkin_cmake_args=None, catkin_skip_building_tests=False, verb_parser=<colcon_defaults.argument_parser.defaults.DefaultArgumentsDecorator object at 0x7beef3801fa0>, verb_extension=<colcon_core.verb.build.BuildVerb object at 0x7beef3801520>, main=<bound method BuildVerb.main of <colcon_core.verb.build.BuildVerb object at 0x7beef3801520>>)
[0.259s] Level 1:colcon.colcon_core.package_discovery:discover_packages(colcon_meta) check parameters
[0.259s] Level 1:colcon.colcon_core.package_discovery:discover_packages(recursive) check parameters
[0.259s] Level 1:colcon.colcon_core.package_discovery:discover_packages(ignore) check parameters
[0.260s] Level 1:colcon.colcon_core.package_discovery:discover_packages(path) check parameters
[0.260s] Level 1:colcon.colcon_core.package_discovery:discover_packages(colcon_meta) discover
[0.260s] Level 1:colcon.colcon_core.package_discovery:discover_packages(recursive) discover
[0.260s] INFO:colcon.colcon_core.package_discovery:Crawling recursively for packages in '/home/shinnosuke/projects/ros2-learning/ros_ws'
[0.260s] Level 1:colcon.colcon_core.package_identification:_identify(.) by extensions ['ignore', 'ignore_ament_install']
[0.260s] Level 1:colcon.colcon_core.package_identification:_identify(.) by extension 'ignore'
[0.260s] Level 1:colcon.colcon_core.package_identification:_identify(.) by extension 'ignore_ament_install'
[0.261s] Level 1:colcon.colcon_core.package_identification:_identify(.) by extensions ['colcon_pkg']
[0.261s] Level 1:colcon.colcon_core.package_identification:_identify(.) by extension 'colcon_pkg'
[0.261s] Level 1:colcon.colcon_core.package_identification:_identify(.) by extensions ['colcon_meta']
[0.262s] Level 1:colcon.colcon_core.package_identification:_identify(.) by extension 'colcon_meta'
[0.262s] Level 1:colcon.colcon_core.package_identification:_identify(.) by extensions ['ros']
[0.262s] Level 1:colcon.colcon_core.package_identification:_identify(.) by extension 'ros'
[0.299s] Level 1:colcon.colcon_core.package_identification:_identify(.) by extensions ['cmake', 'python']
[0.299s] Level 1:colcon.colcon_core.package_identification:_identify(.) by extension 'cmake'
[0.299s] Level 1:colcon.colcon_core.package_identification:_identify(.) by extension 'python'
[0.299s] Level 1:colcon.colcon_core.package_identification:_identify(.) by extensions ['python_setup_py']
[0.299s] Level 1:colcon.colcon_core.package_identification:_identify(.) by extension 'python_setup_py'
[0.299s] Level 1:colcon.colcon_core.package_identification:_identify(build) by extensions ['ignore', 'ignore_ament_install']
[0.299s] Level 1:colcon.colcon_core.package_identification:_identify(build) by extension 'ignore'
[0.299s] Level 1:colcon.colcon_core.package_identification:_identify(build) ignored
[0.299s] Level 1:colcon.colcon_core.package_identification:_identify(install) by extensions ['ignore', 'ignore_ament_install']
[0.299s] Level 1:colcon.colcon_core.package_identification:_identify(install) by extension 'ignore'
[0.299s] Level 1:colcon.colcon_core.package_identification:_identify(install) ignored
[0.299s] Level 1:colcon.colcon_core.package_identification:_identify(log) by extensions ['ignore', 'ignore_ament_install']
[0.299s] Level 1:colcon.colcon_core.package_identification:_identify(log) by extension 'ignore'
[0.300s] Level 1:colcon.colcon_core.package_identification:_identify(log) ignored
[0.300s] Level 1:colcon.colcon_core.package_identification:_identify(src) by extensions ['ignore', 'ignore_ament_install']
[0.300s] Level 1:colcon.colcon_core.package_identification:_identify(src) by extension 'ignore'
[0.300s] Level 1:colcon.colcon_core.package_identification:_identify(src) by extension 'ignore_ament_install'
[0.300s] Level 1:colcon.colcon_core.package_identification:_identify(src) by extensions ['colcon_pkg']
[0.300s] Level 1:colcon.colcon_core.package_identification:_identify(src) by extension 'colcon_pkg'
[0.300s] Level 1:colcon.colcon_core.package_identification:_identify(src) by extensions ['colcon_meta']
[0.300s] Level 1:colcon.colcon_core.package_identification:_identify(src) by extension 'colcon_meta'
[0.300s] Level 1:colcon.colcon_core.package_identification:_identify(src) by extensions ['ros']
[0.300s] Level 1:colcon.colcon_core.package_identification:_identify(src) by extension 'ros'
[0.300s] Level 1:colcon.colcon_core.package_identification:_identify(src) by extensions ['cmake', 'python']
[0.300s] Level 1:colcon.colcon_core.package_identification:_identify(src) by extension 'cmake'
[0.300s] Level 1:colcon.colcon_core.package_identification:_identify(src) by extension 'python'
[0.300s] Level 1:colcon.colcon_core.package_identification:_identify(src) by extensions ['python_setup_py']
[0.300s] Level 1:colcon.colcon_core.package_identification:_identify(src) by extension 'python_setup_py'
[0.300s] Level 1:colcon.colcon_core.package_identification:_identify(src/260621test) by extensions ['ignore', 'ignore_ament_install']
[0.300s] Level 1:colcon.colcon_core.package_identification:_identify(src/260621test) by extension 'ignore'
[0.300s] Level 1:colcon.colcon_core.package_identification:_identify(src/260621test) by extension 'ignore_ament_install'
[0.300s] Level 1:colcon.colcon_core.package_identification:_identify(src/260621test) by extensions ['colcon_pkg']
[0.300s] Level 1:colcon.colcon_core.package_identification:_identify(src/260621test) by extension 'colcon_pkg'
[0.301s] Level 1:colcon.colcon_core.package_identification:_identify(src/260621test) by extensions ['colcon_meta']
[0.301s] Level 1:colcon.colcon_core.package_identification:_identify(src/260621test) by extension 'colcon_meta'
[0.301s] Level 1:colcon.colcon_core.package_identification:_identify(src/260621test) by extensions ['ros']
[0.301s] Level 1:colcon.colcon_core.package_identification:_identify(src/260621test) by extension 'ros'
[0.306s] DEBUG:colcon.colcon_core.package_identification:Package 'src/260621test' with type 'ros.ament_python' and name '260621test'
[0.306s] Level 1:colcon.colcon_core.package_identification:_identify(src/my_learning_ros2) by extensions ['ignore', 'ignore_ament_install']
[0.306s] Level 1:colcon.colcon_core.package_identification:_identify(src/my_learning_ros2) by extension 'ignore'
[0.306s] Level 1:colcon.colcon_core.package_identification:_identify(src/my_learning_ros2) by extension 'ignore_ament_install'
[0.306s] Level 1:colcon.colcon_core.package_identification:_identify(src/my_learning_ros2) by extensions ['colcon_pkg']
[0.306s] Level 1:colcon.colcon_core.package_identification:_identify(src/my_learning_ros2) by extension 'colcon_pkg'
[0.306s] Level 1:colcon.colcon_core.package_identification:_identify(src/my_learning_ros2) by extensions ['colcon_meta']
[0.306s] Level 1:colcon.colcon_core.package_identification:_identify(src/my_learning_ros2) by extension 'colcon_meta'
[0.306s] Level 1:colcon.colcon_core.package_identification:_identify(src/my_learning_ros2) by extensions ['ros']
[0.306s] Level 1:colcon.colcon_core.package_identification:_identify(src/my_learning_ros2) by extension 'ros'
[0.308s] DEBUG:colcon.colcon_core.package_identification:Package 'src/my_learning_ros2' with type 'ros.ament_python' and name 'my_learning_ros2'
[0.308s] Level 1:colcon.colcon_core.package_discovery:discover_packages(recursive) using defaults
[0.308s] Level 1:colcon.colcon_core.package_discovery:discover_packages(ignore) discover
[0.308s] Level 1:colcon.colcon_core.package_discovery:discover_packages(ignore) using defaults
[0.308s] Level 1:colcon.colcon_core.package_discovery:discover_packages(path) discover
[0.308s] Level 1:colcon.colcon_core.package_discovery:discover_packages(path) using defaults
[0.363s] Level 5:colcon.colcon_core.verb:set package '260621test' build argument 'cmake_args' from command line to 'None'
[0.363s] Level 5:colcon.colcon_core.verb:set package '260621test' build argument 'cmake_target' from command line to 'None'
[0.363s] Level 5:colcon.colcon_core.verb:set package '260621test' build argument 'cmake_target_skip_unavailable' from command line to 'False'
[0.363s] Level 5:colcon.colcon_core.verb:set package '260621test' build argument 'cmake_clean_cache' from command line to 'False'
[0.363s] Level 5:colcon.colcon_core.verb:set package '260621test' build argument 'cmake_clean_first' from command line to 'False'
[0.363s] Level 5:colcon.colcon_core.verb:set package '260621test' build argument 'cmake_force_configure' from command line to 'False'
[0.363s] Level 5:colcon.colcon_core.verb:set package '260621test' build argument 'ament_cmake_args' from command line to 'None'
[0.363s] Level 5:colcon.colcon_core.verb:set package '260621test' build argument 'catkin_cmake_args' from command line to 'None'
[0.363s] Level 5:colcon.colcon_core.verb:set package '260621test' build argument 'catkin_skip_building_tests' from command line to 'False'
[0.363s] DEBUG:colcon.colcon_core.verb:Building package '260621test' with the following arguments: {'ament_cmake_args': None, 'build_base': '/home/shinnosuke/projects/ros2-learning/ros_ws/build/260621test', 'catkin_cmake_args': None, 'catkin_skip_building_tests': False, 'cmake_args': None, 'cmake_clean_cache': False, 'cmake_clean_first': False, 'cmake_force_configure': False, 'cmake_target': None, 'cmake_target_skip_unavailable': False, 'install_base': '/home/shinnosuke/projects/ros2-learning/ros_ws/install/260621test', 'merge_install': False, 'path': '/home/shinnosuke/projects/ros2-learning/ros_ws/src/260621test', 'symlink_install': False, 'test_result_base': None}
[0.364s] Level 5:colcon.colcon_core.verb:set package 'my_learning_ros2' build argument 'cmake_args' from command line to 'None'
[0.364s] Level 5:colcon.colcon_core.verb:set package 'my_learning_ros2' build argument 'cmake_target' from command line to 'None'
[0.364s] Level 5:colcon.colcon_core.verb:set package 'my_learning_ros2' build argument 'cmake_target_skip_unavailable' from command line to 'False'
[0.364s] Level 5:colcon.colcon_core.verb:set package 'my_learning_ros2' build argument 'cmake_clean_cache' from command line to 'False'
[0.364s] Level 5:colcon.colcon_core.verb:set package 'my_learning_ros2' build argument 'cmake_clean_first' from command line to 'False'
[0.364s] Level 5:colcon.colcon_core.verb:set package 'my_learning_ros2' build argument 'cmake_force_configure' from command line to 'False'
[0.364s] Level 5:colcon.colcon_core.verb:set package 'my_learning_ros2' build argument 'ament_cmake_args' from command line to 'None'
[0.364s] Level 5:colcon.colcon_core.verb:set package 'my_learning_ros2' build argument 'catkin_cmake_args' from command line to 'None'
[0.364s] Level 5:colcon.colcon_core.verb:set package 'my_learning_ros2' build argument 'catkin_skip_building_tests' from command line to 'False'
[0.364s] DEBUG:colcon.colcon_core.verb:Building package 'my_learning_ros2' with the following arguments: {'ament_cmake_args': None, 'build_base': '/home/shinnosuke/projects/ros2-learning/ros_ws/build/my_learning_ros2', 'catkin_cmake_args': None, 'catkin_skip_building_tests': False, 'cmake_args': None, 'cmake_clean_cache': False, 'cmake_clean_first': False, 'cmake_force_configure': False, 'cmake_target': None, 'cmake_target_skip_unavailable': False, 'install_base': '/home/shinnosuke/projects/ros2-learning/ros_ws/install/my_learning_ros2', 'merge_install': False, 'path': '/home/shinnosuke/projects/ros2-learning/ros_ws/src/my_learning_ros2', 'symlink_install': False, 'test_result_base': None}
[0.364s] INFO:colcon.colcon_core.executor:Executing jobs using 'parallel' executor
[0.366s] DEBUG:colcon.colcon_parallel_executor.executor.parallel:run_until_complete
[0.367s] INFO:colcon.colcon_ros.task.ament_python.build:Building ROS package in '/home/shinnosuke/projects/ros2-learning/ros_ws/src/260621test' with build type 'ament_python'
[0.367s] Level 1:colcon.colcon_core.shell:create_environment_hook('260621test', 'ament_prefix_path')
[0.376s] INFO:colcon.colcon_core.plugin_system:Skipping extension 'colcon_core.shell.bat': Not used on non-Windows systems
[0.376s] INFO:colcon.colcon_core.shell:Creating environment descriptor '/home/shinnosuke/projects/ros2-learning/ros_ws/install/260621test/share/260621test/hook/ament_prefix_path.dsv'
[0.378s] INFO:colcon.colcon_core.shell:Creating environment hook '/home/shinnosuke/projects/ros2-learning/ros_ws/install/260621test/share/260621test/hook/ament_prefix_path.sh'
[0.380s] DEBUG:colcon.colcon_core.shell:Skip shell extension 'dsv' for command environment
[0.390s] INFO:colcon.colcon_ros.task.ament_python.build:Building ROS package in '/home/shinnosuke/projects/ros2-learning/ros_ws/src/my_learning_ros2' with build type 'ament_python'
[0.391s] Level 1:colcon.colcon_core.shell:create_environment_hook('my_learning_ros2', 'ament_prefix_path')
[0.391s] INFO:colcon.colcon_core.shell:Creating environment descriptor '/home/shinnosuke/projects/ros2-learning/ros_ws/install/my_learning_ros2/share/my_learning_ros2/hook/ament_prefix_path.dsv'
[0.392s] INFO:colcon.colcon_core.shell:Creating environment hook '/home/shinnosuke/projects/ros2-learning/ros_ws/install/my_learning_ros2/share/my_learning_ros2/hook/ament_prefix_path.sh'
[0.393s] DEBUG:colcon.colcon_core.shell:Skip shell extension 'dsv' for command environment
[0.668s] INFO:colcon.colcon_core.task.python.build:Building Python package in '/home/shinnosuke/projects/ros2-learning/ros_ws/src/260621test'
[0.669s] DEBUG:colcon.colcon_core.shell:Skip shell extension 'dsv' for command environment
[0.891s] INFO:colcon.colcon_core.task.python.build:Building Python package in '/home/shinnosuke/projects/ros2-learning/ros_ws/src/my_learning_ros2'
[0.891s] DEBUG:colcon.colcon_core.shell:Skip shell extension 'dsv' for command environment
[1.841s] DEBUG:colcon.colcon_core.event_handler.log_command:Invoking command in '/home/shinnosuke/projects/ros2-learning/ros_ws/src/260621test': PYTHONPATH=/home/shinnosuke/projects/ros2-learning/ros_ws/build/260621test/prefix_override:/usr/lib/python3/dist-packages/colcon_core/task/python/colcon_distutils_commands:/home/shinnosuke/projects/ros2-learning/ros_ws/install/260621test/lib/python3.12/site-packages:${PYTHONPATH} /usr/bin/python3 -W ignore:setup.py install is deprecated -W ignore:easy_install command is deprecated setup.py egg_info --egg-base ../../build/260621test build --build-base /home/shinnosuke/projects/ros2-learning/ros_ws/build/260621test/build install --record /home/shinnosuke/projects/ros2-learning/ros_ws/build/260621test/install.log --single-version-externally-managed install_data
[1.844s] DEBUG:colcon.colcon_core.event_handler.log_command:Invoking command in '/home/shinnosuke/projects/ros2-learning/ros_ws/src/my_learning_ros2': PYTHONPATH=/home/shinnosuke/projects/ros2-learning/ros_ws/build/my_learning_ros2/prefix_override:/usr/lib/python3/dist-packages/colcon_core/task/python/colcon_distutils_commands:/home/shinnosuke/projects/ros2-learning/ros_ws/install/my_learning_ros2/lib/python3.12/site-packages:${PYTHONPATH} /usr/bin/python3 -W ignore:setup.py install is deprecated -W ignore:easy_install command is deprecated setup.py egg_info --egg-base ../../build/my_learning_ros2 build --build-base /home/shinnosuke/projects/ros2-learning/ros_ws/build/my_learning_ros2/build install --record /home/shinnosuke/projects/ros2-learning/ros_ws/build/my_learning_ros2/install.log --single-version-externally-managed install_data
[2.388s] DEBUG:colcon.colcon_core.event_handler.log_command:Invoked command in '/home/shinnosuke/projects/ros2-learning/ros_ws/src/260621test' returned '0': PYTHONPATH=/home/shinnosuke/projects/ros2-learning/ros_ws/build/260621test/prefix_override:/usr/lib/python3/dist-packages/colcon_core/task/python/colcon_distutils_commands:/home/shinnosuke/projects/ros2-learning/ros_ws/install/260621test/lib/python3.12/site-packages:${PYTHONPATH} /usr/bin/python3 -W ignore:setup.py install is deprecated -W ignore:easy_install command is deprecated setup.py egg_info --egg-base ../../build/260621test build --build-base /home/shinnosuke/projects/ros2-learning/ros_ws/build/260621test/build install --record /home/shinnosuke/projects/ros2-learning/ros_ws/build/260621test/install.log --single-version-externally-managed install_data
[2.395s] Level 1:colcon.colcon_core.environment:checking '/home/shinnosuke/projects/ros2-learning/ros_ws/install/260621test' for CMake module files
[2.396s] Level 1:colcon.colcon_core.environment:checking '/home/shinnosuke/projects/ros2-learning/ros_ws/install/260621test' for CMake config files
[2.397s] Level 1:colcon.colcon_core.environment:checking '/home/shinnosuke/projects/ros2-learning/ros_ws/install/260621test/lib'
[2.397s] Level 1:colcon.colcon_core.environment:checking '/home/shinnosuke/projects/ros2-learning/ros_ws/install/260621test/bin'
[2.397s] Level 1:colcon.colcon_core.environment:checking '/home/shinnosuke/projects/ros2-learning/ros_ws/install/260621test/lib/pkgconfig/260621test.pc'
[2.397s] Level 1:colcon.colcon_core.environment:checking '/home/shinnosuke/projects/ros2-learning/ros_ws/install/260621test/lib/python3.12/site-packages'
[2.397s] Level 1:colcon.colcon_core.shell:create_environment_hook('260621test', 'pythonpath')
[2.397s] INFO:colcon.colcon_core.shell:Creating environment descriptor '/home/shinnosuke/projects/ros2-learning/ros_ws/install/260621test/share/260621test/hook/pythonpath.dsv'
[2.398s] INFO:colcon.colcon_core.shell:Creating environment hook '/home/shinnosuke/projects/ros2-learning/ros_ws/install/260621test/share/260621test/hook/pythonpath.sh'
[2.399s] Level 1:colcon.colcon_core.environment:checking '/home/shinnosuke/projects/ros2-learning/ros_ws/install/260621test/bin'
[2.399s] Level 1:colcon.colcon_core.environment:create_environment_scripts_only(260621test)
[2.400s] INFO:colcon.colcon_core.shell:Creating package descriptor '/home/shinnosuke/projects/ros2-learning/ros_ws/install/260621test/share/260621test/package.dsv'
[2.402s] INFO:colcon.colcon_core.shell:Creating package script '/home/shinnosuke/projects/ros2-learning/ros_ws/install/260621test/share/260621test/package.sh'
[2.403s] INFO:colcon.colcon_core.shell:Creating package script '/home/shinnosuke/projects/ros2-learning/ros_ws/install/260621test/share/260621test/package.bash'
[2.405s] INFO:colcon.colcon_core.shell:Creating package script '/home/shinnosuke/projects/ros2-learning/ros_ws/install/260621test/share/260621test/package.zsh'
[2.406s] Level 1:colcon.colcon_core.environment:create_file_with_runtime_dependencies(/home/shinnosuke/projects/ros2-learning/ros_ws/install/260621test/share/colcon-core/packages/260621test)
[2.423s] Level 1:colcon.colcon_core.environment:checking '/home/shinnosuke/projects/ros2-learning/ros_ws/install/my_learning_ros2' for CMake module files
[2.424s] DEBUG:colcon.colcon_core.event_handler.log_command:Invoked command in '/home/shinnosuke/projects/ros2-learning/ros_ws/src/my_learning_ros2' returned '0': PYTHONPATH=/home/shinnosuke/projects/ros2-learning/ros_ws/build/my_learning_ros2/prefix_override:/usr/lib/python3/dist-packages/colcon_core/task/python/colcon_distutils_commands:/home/shinnosuke/projects/ros2-learning/ros_ws/install/my_learning_ros2/lib/python3.12/site-packages:${PYTHONPATH} /usr/bin/python3 -W ignore:setup.py install is deprecated -W ignore:easy_install command is deprecated setup.py egg_info --egg-base ../../build/my_learning_ros2 build --build-base /home/shinnosuke/projects/ros2-learning/ros_ws/build/my_learning_ros2/build install --record /home/shinnosuke/projects/ros2-learning/ros_ws/build/my_learning_ros2/install.log --single-version-externally-managed install_data
[2.425s] Level 1:colcon.colcon_core.environment:checking '/home/shinnosuke/projects/ros2-learning/ros_ws/install/my_learning_ros2' for CMake config files
[2.425s] Level 1:colcon.colcon_core.environment:checking '/home/shinnosuke/projects/ros2-learning/ros_ws/install/my_learning_ros2/lib'
[2.426s] Level 1:colcon.colcon_core.environment:checking '/home/shinnosuke/projects/ros2-learning/ros_ws/install/my_learning_ros2/bin'
[2.426s] Level 1:colcon.colcon_core.environment:checking '/home/shinnosuke/projects/ros2-learning/ros_ws/install/my_learning_ros2/lib/pkgconfig/my_learning_ros2.pc'
[2.426s] Level 1:colcon.colcon_core.environment:checking '/home/shinnosuke/projects/ros2-learning/ros_ws/install/my_learning_ros2/lib/python3.12/site-packages'
[2.426s] Level 1:colcon.colcon_core.shell:create_environment_hook('my_learning_ros2', 'pythonpath')
[2.426s] INFO:colcon.colcon_core.shell:Creating environment descriptor '/home/shinnosuke/projects/ros2-learning/ros_ws/install/my_learning_ros2/share/my_learning_ros2/hook/pythonpath.dsv'
[2.427s] INFO:colcon.colcon_core.shell:Creating environment hook '/home/shinnosuke/projects/ros2-learning/ros_ws/install/my_learning_ros2/share/my_learning_ros2/hook/pythonpath.sh'
[2.428s] Level 1:colcon.colcon_core.environment:checking '/home/shinnosuke/projects/ros2-learning/ros_ws/install/my_learning_ros2/bin'
[2.428s] Level 1:colcon.colcon_core.environment:create_environment_scripts_only(my_learning_ros2)
[2.428s] INFO:colcon.colcon_core.shell:Creating package descriptor '/home/shinnosuke/projects/ros2-learning/ros_ws/install/my_learning_ros2/share/my_learning_ros2/package.dsv'
[2.429s] INFO:colcon.colcon_core.shell:Creating package script '/home/shinnosuke/projects/ros2-learning/ros_ws/install/my_learning_ros2/share/my_learning_ros2/package.sh'
[2.429s] INFO:colcon.colcon_core.shell:Creating package script '/home/shinnosuke/projects/ros2-learning/ros_ws/install/my_learning_ros2/share/my_learning_ros2/package.bash'
[2.429s] INFO:colcon.colcon_core.shell:Creating package script '/home/shinnosuke/projects/ros2-learning/ros_ws/install/my_learning_ros2/share/my_learning_ros2/package.zsh'
[2.430s] Level 1:colcon.colcon_core.environment:create_file_with_runtime_dependencies(/home/shinnosuke/projects/ros2-learning/ros_ws/install/my_learning_ros2/share/colcon-core/packages/my_learning_ros2)
[2.430s] DEBUG:colcon.colcon_parallel_executor.executor.parallel:closing loop
[2.431s] DEBUG:colcon.colcon_parallel_executor.executor.parallel:loop closed
[2.431s] DEBUG:colcon.colcon_parallel_executor.executor.parallel:run_until_complete finished with '0'
[2.432s] DEBUG:colcon.colcon_core.event_reactor:joining thread
[2.451s] INFO:colcon.colcon_core.plugin_system:Skipping extension 'colcon_notification.desktop_notification.notify_send': Could not find 'notify-send'
[2.452s] INFO:colcon.colcon_core.plugin_system:Skipping extension 'colcon_notification.desktop_notification.terminal_notifier': Not used on non-Darwin systems
[2.452s] INFO:colcon.colcon_core.plugin_system:Skipping extension 'colcon_notification.desktop_notification.win32': Not used on non-Windows systems
[2.452s] INFO:colcon.colcon_notification.desktop_notification:Sending desktop notification using 'notify2'
[2.453s] DEBUG:colcon.colcon_notification.desktop_notification.notify2:Failed to initialize notify2: org.freedesktop.DBus.Error.ServiceUnknown: The name org.freedesktop.Notifications was not provided by any .service files
[2.453s] DEBUG:colcon.colcon_core.event_reactor:joined thread
[2.454s] INFO:colcon.colcon_core.shell:Creating prefix script '/home/shinnosuke/projects/ros2-learning/ros_ws/install/local_setup.sh'
[2.455s] INFO:colcon.colcon_core.shell:Creating prefix util module '/home/shinnosuke/projects/ros2-learning/ros_ws/install/_local_setup_util_sh.py'
[2.457s] INFO:colcon.colcon_core.shell:Creating prefix chain script '/home/shinnosuke/projects/ros2-learning/ros_ws/install/setup.sh'
[2.458s] INFO:colcon.colcon_core.shell:Creating prefix script '/home/shinnosuke/projects/ros2-learning/ros_ws/install/local_setup.bash'
[2.459s] INFO:colcon.colcon_core.shell:Creating prefix chain script '/home/shinnosuke/projects/ros2-learning/ros_ws/install/setup.bash'
[2.460s] INFO:colcon.colcon_core.shell:Creating prefix script '/home/shinnosuke/projects/ros2-learning/ros_ws/install/local_setup.zsh'
[2.462s] INFO:colcon.colcon_core.shell:Creating prefix chain script '/home/shinnosuke/projects/ros2-learning/ros_ws/install/setup.zsh'
