[0.732s] Invoking command in '/home/shinnosuke/projects/ros2-learning/ros_ws/src/my_learning_ros2': PYTHONPATH=/home/shinnosuke/projects/ros2-learning/ros_ws/build/my_learning_ros2/prefix_override:/usr/lib/python3/dist-packages/colcon_core/task/python/colcon_distutils_commands:/home/shinnosuke/projects/ros2-learning/ros_ws/install/my_learning_ros2/lib/python3.12/site-packages:${PYTHONPATH} /usr/bin/python3 -W ignore:setup.py install is deprecated -W ignore:easy_install command is deprecated setup.py egg_info --egg-base ../../build/my_learning_ros2 build --build-base /home/shinnosuke/projects/ros2-learning/ros_ws/build/my_learning_ros2/build install --record /home/shinnosuke/projects/ros2-learning/ros_ws/build/my_learning_ros2/install.log --single-version-externally-managed install_data
[0.945s] running egg_info
[0.946s] creating ../../build/my_learning_ros2/my_learning_ros2.egg-info
[0.960s] writing ../../build/my_learning_ros2/my_learning_ros2.egg-info/PKG-INFO
[0.961s] writing dependency_links to ../../build/my_learning_ros2/my_learning_ros2.egg-info/dependency_links.txt
[0.961s] writing entry points to ../../build/my_learning_ros2/my_learning_ros2.egg-info/entry_points.txt
[0.961s] writing requirements to ../../build/my_learning_ros2/my_learning_ros2.egg-info/requires.txt
[0.961s] writing top-level names to ../../build/my_learning_ros2/my_learning_ros2.egg-info/top_level.txt
[0.961s] writing manifest file '../../build/my_learning_ros2/my_learning_ros2.egg-info/SOURCES.txt'
[0.995s] reading manifest file '../../build/my_learning_ros2/my_learning_ros2.egg-info/SOURCES.txt'
[0.996s] writing manifest file '../../build/my_learning_ros2/my_learning_ros2.egg-info/SOURCES.txt'
[0.996s] running build
[0.996s] running build_py
[0.996s] creating /home/shinnosuke/projects/ros2-learning/ros_ws/build/my_learning_ros2/build
[0.997s] creating /home/shinnosuke/projects/ros2-learning/ros_ws/build/my_learning_ros2/build/lib
[0.997s] creating /home/shinnosuke/projects/ros2-learning/ros_ws/build/my_learning_ros2/build/lib/my_learning_ros2
[0.997s] copying my_learning_ros2/__init__.py -> /home/shinnosuke/projects/ros2-learning/ros_ws/build/my_learning_ros2/build/lib/my_learning_ros2
[0.997s] copying my_learning_ros2/hello_node.py -> /home/shinnosuke/projects/ros2-learning/ros_ws/build/my_learning_ros2/build/lib/my_learning_ros2
[0.997s] running install
[1.004s] running install_lib
[1.023s] creating /home/shinnosuke/projects/ros2-learning/ros_ws/install/my_learning_ros2/lib/python3.12/site-packages/my_learning_ros2
[1.026s] copying /home/shinnosuke/projects/ros2-learning/ros_ws/build/my_learning_ros2/build/lib/my_learning_ros2/__init__.py -> /home/shinnosuke/projects/ros2-learning/ros_ws/install/my_learning_ros2/lib/python3.12/site-packages/my_learning_ros2
[1.026s] copying /home/shinnosuke/projects/ros2-learning/ros_ws/build/my_learning_ros2/build/lib/my_learning_ros2/hello_node.py -> /home/shinnosuke/projects/ros2-learning/ros_ws/install/my_learning_ros2/lib/python3.12/site-packages/my_learning_ros2
[1.027s] byte-compiling /home/shinnosuke/projects/ros2-learning/ros_ws/install/my_learning_ros2/lib/python3.12/site-packages/my_learning_ros2/__init__.py to __init__.cpython-312.pyc
[1.028s] byte-compiling /home/shinnosuke/projects/ros2-learning/ros_ws/install/my_learning_ros2/lib/python3.12/site-packages/my_learning_ros2/hello_node.py to hello_node.cpython-312.pyc
[1.029s] running install_data
[1.030s] creating /home/shinnosuke/projects/ros2-learning/ros_ws/install/my_learning_ros2/share/ament_index
[1.030s] creating /home/shinnosuke/projects/ros2-learning/ros_ws/install/my_learning_ros2/share/ament_index/resource_index
[1.030s] creating /home/shinnosuke/projects/ros2-learning/ros_ws/install/my_learning_ros2/share/ament_index/resource_index/packages
[1.030s] copying resource/my_learning_ros2 -> /home/shinnosuke/projects/ros2-learning/ros_ws/install/my_learning_ros2/share/ament_index/resource_index/packages
[1.030s] copying package.xml -> /home/shinnosuke/projects/ros2-learning/ros_ws/install/my_learning_ros2/share/my_learning_ros2
[1.030s] creating /home/shinnosuke/projects/ros2-learning/ros_ws/install/my_learning_ros2/lib/my_learning_ros2
[1.030s] running install_egg_info
[1.049s] Copying ../../build/my_learning_ros2/my_learning_ros2.egg-info to /home/shinnosuke/projects/ros2-learning/ros_ws/install/my_learning_ros2/lib/python3.12/site-packages/my_learning_ros2-0.0.0-py3.12.egg-info
[1.050s] running install_scripts
[1.167s] Installing hello_node script to /home/shinnosuke/projects/ros2-learning/ros_ws/install/my_learning_ros2/lib/my_learning_ros2
[1.168s] writing list of installed files to '/home/shinnosuke/projects/ros2-learning/ros_ws/build/my_learning_ros2/install.log'
[1.215s] Invoked command in '/home/shinnosuke/projects/ros2-learning/ros_ws/src/my_learning_ros2' returned '0': PYTHONPATH=/home/shinnosuke/projects/ros2-learning/ros_ws/build/my_learning_ros2/prefix_override:/usr/lib/python3/dist-packages/colcon_core/task/python/colcon_distutils_commands:/home/shinnosuke/projects/ros2-learning/ros_ws/install/my_learning_ros2/lib/python3.12/site-packages:${PYTHONPATH} /usr/bin/python3 -W ignore:setup.py install is deprecated -W ignore:easy_install command is deprecated setup.py egg_info --egg-base ../../build/my_learning_ros2 build --build-base /home/shinnosuke/projects/ros2-learning/ros_ws/build/my_learning_ros2/build install --record /home/shinnosuke/projects/ros2-learning/ros_ws/build/my_learning_ros2/install.log --single-version-externally-managed install_data
