[1.210s] Invoking command in '/home/shinnosuke/projects/ros2-learning/ros_ws/src/my_learning_ros2': PYTHONPATH=/home/shinnosuke/projects/ros2-learning/ros_ws/build/my_learning_ros2/prefix_override:/usr/lib/python3/dist-packages/colcon_core/task/python/colcon_distutils_commands:/home/shinnosuke/projects/ros2-learning/ros_ws/install/my_learning_ros2/lib/python3.12/site-packages:${PYTHONPATH} /usr/bin/python3 -W ignore:setup.py install is deprecated -W ignore:easy_install command is deprecated setup.py egg_info --egg-base ../../build/my_learning_ros2 build --build-base /home/shinnosuke/projects/ros2-learning/ros_ws/build/my_learning_ros2/build install --record /home/shinnosuke/projects/ros2-learning/ros_ws/build/my_learning_ros2/install.log --single-version-externally-managed install_data
[1.426s] running egg_info
[1.439s] writing ../../build/my_learning_ros2/my_learning_ros2.egg-info/PKG-INFO
[1.455s] writing dependency_links to ../../build/my_learning_ros2/my_learning_ros2.egg-info/dependency_links.txt
[1.455s] writing entry points to ../../build/my_learning_ros2/my_learning_ros2.egg-info/entry_points.txt
[1.455s] writing requirements to ../../build/my_learning_ros2/my_learning_ros2.egg-info/requires.txt
[1.455s] writing top-level names to ../../build/my_learning_ros2/my_learning_ros2.egg-info/top_level.txt
[1.482s] reading manifest file '../../build/my_learning_ros2/my_learning_ros2.egg-info/SOURCES.txt'
[1.483s] writing manifest file '../../build/my_learning_ros2/my_learning_ros2.egg-info/SOURCES.txt'
[1.483s] running build
[1.484s] running build_py
[1.484s] running install
[1.490s] running install_lib
[1.506s] running install_data
[1.506s] running install_egg_info
[1.522s] removing '/home/shinnosuke/projects/ros2-learning/ros_ws/install/my_learning_ros2/lib/python3.12/site-packages/my_learning_ros2-0.0.0-py3.12.egg-info' (and everything under it)
[1.522s] Copying ../../build/my_learning_ros2/my_learning_ros2.egg-info to /home/shinnosuke/projects/ros2-learning/ros_ws/install/my_learning_ros2/lib/python3.12/site-packages/my_learning_ros2-0.0.0-py3.12.egg-info
[1.524s] running install_scripts
[1.642s] Installing hello_node script to /home/shinnosuke/projects/ros2-learning/ros_ws/install/my_learning_ros2/lib/my_learning_ros2
[1.643s] writing list of installed files to '/home/shinnosuke/projects/ros2-learning/ros_ws/build/my_learning_ros2/install.log'
[1.707s] Invoked command in '/home/shinnosuke/projects/ros2-learning/ros_ws/src/my_learning_ros2' returned '0': PYTHONPATH=/home/shinnosuke/projects/ros2-learning/ros_ws/build/my_learning_ros2/prefix_override:/usr/lib/python3/dist-packages/colcon_core/task/python/colcon_distutils_commands:/home/shinnosuke/projects/ros2-learning/ros_ws/install/my_learning_ros2/lib/python3.12/site-packages:${PYTHONPATH} /usr/bin/python3 -W ignore:setup.py install is deprecated -W ignore:easy_install command is deprecated setup.py egg_info --egg-base ../../build/my_learning_ros2 build --build-base /home/shinnosuke/projects/ros2-learning/ros_ws/build/my_learning_ros2/build install --record /home/shinnosuke/projects/ros2-learning/ros_ws/build/my_learning_ros2/install.log --single-version-externally-managed install_data
