running egg_info
creating ../../build/1hz_hello/1hz_hello.egg-info
writing ../../build/1hz_hello/1hz_hello.egg-info/PKG-INFO
writing dependency_links to ../../build/1hz_hello/1hz_hello.egg-info/dependency_links.txt
writing entry points to ../../build/1hz_hello/1hz_hello.egg-info/entry_points.txt
writing requirements to ../../build/1hz_hello/1hz_hello.egg-info/requires.txt
writing top-level names to ../../build/1hz_hello/1hz_hello.egg-info/top_level.txt
writing manifest file '../../build/1hz_hello/1hz_hello.egg-info/SOURCES.txt'
reading manifest file '../../build/1hz_hello/1hz_hello.egg-info/SOURCES.txt'
writing manifest file '../../build/1hz_hello/1hz_hello.egg-info/SOURCES.txt'
running build
running build_py
creating /home/shinnosuke/projects/ros2-learning/ros_ws/build/1hz_hello/build
creating /home/shinnosuke/projects/ros2-learning/ros_ws/build/1hz_hello/build/lib
creating /home/shinnosuke/projects/ros2-learning/ros_ws/build/1hz_hello/build/lib/1hz_hello
copying 1hz_hello/__init__.py -> /home/shinnosuke/projects/ros2-learning/ros_ws/build/1hz_hello/build/lib/1hz_hello
copying 1hz_hello/hello.py -> /home/shinnosuke/projects/ros2-learning/ros_ws/build/1hz_hello/build/lib/1hz_hello
running install
running install_lib
creating /home/shinnosuke/projects/ros2-learning/ros_ws/install/1hz_hello/lib/python3.12/site-packages/1hz_hello
copying /home/shinnosuke/projects/ros2-learning/ros_ws/build/1hz_hello/build/lib/1hz_hello/__init__.py -> /home/shinnosuke/projects/ros2-learning/ros_ws/install/1hz_hello/lib/python3.12/site-packages/1hz_hello
copying /home/shinnosuke/projects/ros2-learning/ros_ws/build/1hz_hello/build/lib/1hz_hello/hello.py -> /home/shinnosuke/projects/ros2-learning/ros_ws/install/1hz_hello/lib/python3.12/site-packages/1hz_hello
byte-compiling /home/shinnosuke/projects/ros2-learning/ros_ws/install/1hz_hello/lib/python3.12/site-packages/1hz_hello/__init__.py to __init__.cpython-312.pyc
byte-compiling /home/shinnosuke/projects/ros2-learning/ros_ws/install/1hz_hello/lib/python3.12/site-packages/1hz_hello/hello.py to hello.cpython-312.pyc
running install_data
creating /home/shinnosuke/projects/ros2-learning/ros_ws/install/1hz_hello/share/ament_index
creating /home/shinnosuke/projects/ros2-learning/ros_ws/install/1hz_hello/share/ament_index/resource_index
creating /home/shinnosuke/projects/ros2-learning/ros_ws/install/1hz_hello/share/ament_index/resource_index/packages
copying resource/1hz_hello -> /home/shinnosuke/projects/ros2-learning/ros_ws/install/1hz_hello/share/ament_index/resource_index/packages
copying package.xml -> /home/shinnosuke/projects/ros2-learning/ros_ws/install/1hz_hello/share/1hz_hello
running install_egg_info
Copying ../../build/1hz_hello/1hz_hello.egg-info to /home/shinnosuke/projects/ros2-learning/ros_ws/install/1hz_hello/lib/python3.12/site-packages/1hz_hello-0.0.0-py3.12.egg-info
running install_scripts
Installing hello1hz script to /home/shinnosuke/projects/ros2-learning/ros_ws/install/1hz_hello/lib/1hz_hello
writing list of installed files to '/home/shinnosuke/projects/ros2-learning/ros_ws/build/1hz_hello/install.log'
