running egg_info
creating ../../build/my_learning_ros2/my_learning_ros2.egg-info
writing ../../build/my_learning_ros2/my_learning_ros2.egg-info/PKG-INFO
writing dependency_links to ../../build/my_learning_ros2/my_learning_ros2.egg-info/dependency_links.txt
writing entry points to ../../build/my_learning_ros2/my_learning_ros2.egg-info/entry_points.txt
writing requirements to ../../build/my_learning_ros2/my_learning_ros2.egg-info/requires.txt
writing top-level names to ../../build/my_learning_ros2/my_learning_ros2.egg-info/top_level.txt
writing manifest file '../../build/my_learning_ros2/my_learning_ros2.egg-info/SOURCES.txt'
reading manifest file '../../build/my_learning_ros2/my_learning_ros2.egg-info/SOURCES.txt'
writing manifest file '../../build/my_learning_ros2/my_learning_ros2.egg-info/SOURCES.txt'
running build
running build_py
creating /home/shinnosuke/projects/ros2-learning/ros_ws/build/my_learning_ros2/build
creating /home/shinnosuke/projects/ros2-learning/ros_ws/build/my_learning_ros2/build/lib
creating /home/shinnosuke/projects/ros2-learning/ros_ws/build/my_learning_ros2/build/lib/my_learning_ros2
copying my_learning_ros2/__init__.py -> /home/shinnosuke/projects/ros2-learning/ros_ws/build/my_learning_ros2/build/lib/my_learning_ros2
copying my_learning_ros2/hello_node.py -> /home/shinnosuke/projects/ros2-learning/ros_ws/build/my_learning_ros2/build/lib/my_learning_ros2
running install
running install_lib
creating /home/shinnosuke/projects/ros2-learning/ros_ws/install/my_learning_ros2/lib/python3.12/site-packages/my_learning_ros2
copying /home/shinnosuke/projects/ros2-learning/ros_ws/build/my_learning_ros2/build/lib/my_learning_ros2/__init__.py -> /home/shinnosuke/projects/ros2-learning/ros_ws/install/my_learning_ros2/lib/python3.12/site-packages/my_learning_ros2
copying /home/shinnosuke/projects/ros2-learning/ros_ws/build/my_learning_ros2/build/lib/my_learning_ros2/hello_node.py -> /home/shinnosuke/projects/ros2-learning/ros_ws/install/my_learning_ros2/lib/python3.12/site-packages/my_learning_ros2
byte-compiling /home/shinnosuke/projects/ros2-learning/ros_ws/install/my_learning_ros2/lib/python3.12/site-packages/my_learning_ros2/__init__.py to __init__.cpython-312.pyc
byte-compiling /home/shinnosuke/projects/ros2-learning/ros_ws/install/my_learning_ros2/lib/python3.12/site-packages/my_learning_ros2/hello_node.py to hello_node.cpython-312.pyc
running install_data
creating /home/shinnosuke/projects/ros2-learning/ros_ws/install/my_learning_ros2/share/ament_index
creating /home/shinnosuke/projects/ros2-learning/ros_ws/install/my_learning_ros2/share/ament_index/resource_index
creating /home/shinnosuke/projects/ros2-learning/ros_ws/install/my_learning_ros2/share/ament_index/resource_index/packages
copying resource/my_learning_ros2 -> /home/shinnosuke/projects/ros2-learning/ros_ws/install/my_learning_ros2/share/ament_index/resource_index/packages
copying package.xml -> /home/shinnosuke/projects/ros2-learning/ros_ws/install/my_learning_ros2/share/my_learning_ros2
creating /home/shinnosuke/projects/ros2-learning/ros_ws/install/my_learning_ros2/lib/my_learning_ros2
running install_egg_info
Copying ../../build/my_learning_ros2/my_learning_ros2.egg-info to /home/shinnosuke/projects/ros2-learning/ros_ws/install/my_learning_ros2/lib/python3.12/site-packages/my_learning_ros2-0.0.0-py3.12.egg-info
running install_scripts
Installing hello_node script to /home/shinnosuke/projects/ros2-learning/ros_ws/install/my_learning_ros2/lib/my_learning_ros2
writing list of installed files to '/home/shinnosuke/projects/ros2-learning/ros_ws/build/my_learning_ros2/install.log'
