[1.453s] Invoking command in '/home/shinnosuke/projects/ros2-learning/ros_ws/src/my_learning_ros2': PYTHONPATH=/home/shinnosuke/projects/ros2-learning/ros_ws/build/my_learning_ros2/prefix_override:/usr/lib/python3/dist-packages/colcon_core/task/python/colcon_distutils_commands:/home/shinnosuke/projects/ros2-learning/ros_ws/install/my_learning_ros2/lib/python3.12/site-packages:${PYTHONPATH} /usr/bin/python3 -W ignore:setup.py install is deprecated -W ignore:easy_install command is deprecated setup.py egg_info --egg-base ../../build/my_learning_ros2 build --build-base /home/shinnosuke/projects/ros2-learning/ros_ws/build/my_learning_ros2/build install --record /home/shinnosuke/projects/ros2-learning/ros_ws/build/my_learning_ros2/install.log --single-version-externally-managed install_data
[1.745s] running egg_info
[1.752s] creating ../../build/my_learning_ros2/my_learning_ros2.egg-info
[1.771s] writing ../../build/my_learning_ros2/my_learning_ros2.egg-info/PKG-INFO
[1.772s] writing dependency_links to ../../build/my_learning_ros2/my_learning_ros2.egg-info/dependency_links.txt
[1.772s] writing entry points to ../../build/my_learning_ros2/my_learning_ros2.egg-info/entry_points.txt
[1.772s] writing requirements to ../../build/my_learning_ros2/my_learning_ros2.egg-info/requires.txt
[1.772s] writing top-level names to ../../build/my_learning_ros2/my_learning_ros2.egg-info/top_level.txt
[1.773s] writing manifest file '../../build/my_learning_ros2/my_learning_ros2.egg-info/SOURCES.txt'
[1.814s] reading manifest file '../../build/my_learning_ros2/my_learning_ros2.egg-info/SOURCES.txt'
[1.814s] writing manifest file '../../build/my_learning_ros2/my_learning_ros2.egg-info/SOURCES.txt'
[1.815s] running build
[1.815s] running build_py
[1.815s] creating /home/shinnosuke/projects/ros2-learning/ros_ws/build/my_learning_ros2/build
[1.815s] creating /home/shinnosuke/projects/ros2-learning/ros_ws/build/my_learning_ros2/build/lib
[1.816s] creating /home/shinnosuke/projects/ros2-learning/ros_ws/build/my_learning_ros2/build/lib/my_learning_ros2
[1.816s] copying my_learning_ros2/__init__.py -> /home/shinnosuke/projects/ros2-learning/ros_ws/build/my_learning_ros2/build/lib/my_learning_ros2
[1.816s] copying my_learning_ros2/hello_node.py -> /home/shinnosuke/projects/ros2-learning/ros_ws/build/my_learning_ros2/build/lib/my_learning_ros2
[1.816s] running install
[1.823s] running install_lib
[1.837s] creating /home/shinnosuke/projects/ros2-learning/ros_ws/install/my_learning_ros2/lib/python3.12/site-packages/my_learning_ros2
[1.837s] copying /home/shinnosuke/projects/ros2-learning/ros_ws/build/my_learning_ros2/build/lib/my_learning_ros2/__init__.py -> /home/shinnosuke/projects/ros2-learning/ros_ws/install/my_learning_ros2/lib/python3.12/site-packages/my_learning_ros2
[1.837s] copying /home/shinnosuke/projects/ros2-learning/ros_ws/build/my_learning_ros2/build/lib/my_learning_ros2/hello_node.py -> /home/shinnosuke/projects/ros2-learning/ros_ws/install/my_learning_ros2/lib/python3.12/site-packages/my_learning_ros2
[1.838s] byte-compiling /home/shinnosuke/projects/ros2-learning/ros_ws/install/my_learning_ros2/lib/python3.12/site-packages/my_learning_ros2/__init__.py to __init__.cpython-312.pyc
[1.838s] byte-compiling /home/shinnosuke/projects/ros2-learning/ros_ws/install/my_learning_ros2/lib/python3.12/site-packages/my_learning_ros2/hello_node.py to hello_node.cpython-312.pyc
[1.839s] running install_data
[1.839s] creating /home/shinnosuke/projects/ros2-learning/ros_ws/install/my_learning_ros2/share/ament_index
[1.839s] creating /home/shinnosuke/projects/ros2-learning/ros_ws/install/my_learning_ros2/share/ament_index/resource_index
[1.839s] creating /home/shinnosuke/projects/ros2-learning/ros_ws/install/my_learning_ros2/share/ament_index/resource_index/packages
[1.840s] copying resource/my_learning_ros2 -> /home/shinnosuke/projects/ros2-learning/ros_ws/install/my_learning_ros2/share/ament_index/resource_index/packages
[1.840s] copying package.xml -> /home/shinnosuke/projects/ros2-learning/ros_ws/install/my_learning_ros2/share/my_learning_ros2
[1.840s] creating /home/shinnosuke/projects/ros2-learning/ros_ws/install/my_learning_ros2/lib/my_learning_ros2
[1.841s] running install_egg_info
[1.857s] Copying ../../build/my_learning_ros2/my_learning_ros2.egg-info to /home/shinnosuke/projects/ros2-learning/ros_ws/install/my_learning_ros2/lib/python3.12/site-packages/my_learning_ros2-0.0.0-py3.12.egg-info
[1.858s] running install_scripts
[1.988s] Installing hello_node script to /home/shinnosuke/projects/ros2-learning/ros_ws/install/my_learning_ros2/lib/my_learning_ros2
[1.989s] writing list of installed files to '/home/shinnosuke/projects/ros2-learning/ros_ws/build/my_learning_ros2/install.log'
[2.034s] Invoked command in '/home/shinnosuke/projects/ros2-learning/ros_ws/src/my_learning_ros2' returned '0': PYTHONPATH=/home/shinnosuke/projects/ros2-learning/ros_ws/build/my_learning_ros2/prefix_override:/usr/lib/python3/dist-packages/colcon_core/task/python/colcon_distutils_commands:/home/shinnosuke/projects/ros2-learning/ros_ws/install/my_learning_ros2/lib/python3.12/site-packages:${PYTHONPATH} /usr/bin/python3 -W ignore:setup.py install is deprecated -W ignore:easy_install command is deprecated setup.py egg_info --egg-base ../../build/my_learning_ros2 build --build-base /home/shinnosuke/projects/ros2-learning/ros_ws/build/my_learning_ros2/build install --record /home/shinnosuke/projects/ros2-learning/ros_ws/build/my_learning_ros2/install.log --single-version-externally-managed install_data
