[0.153s] DEBUG:colcon:Command line arguments: ['/usr/bin/colcon', 'build']
[0.153s] DEBUG:colcon:Parsed command line arguments: Namespace(log_base=None, log_level=None, verb_name='build', build_base='build', install_base='install', merge_install=False, symlink_install=False, test_result_base=None, continue_on_error=False, executor='parallel', parallel_workers=16, event_handlers=None, ignore_user_meta=False, metas=['./colcon.meta'], base_paths=['.'], packages_ignore=None, packages_ignore_regex=None, paths=None, packages_up_to=None, packages_up_to_regex=None, packages_above=None, packages_above_and_dependencies=None, packages_above_depth=None, packages_select_by_dep=None, packages_skip_by_dep=None, packages_skip_up_to=None, packages_select_build_failed=False, packages_skip_build_finished=False, packages_select_test_failures=False, packages_skip_test_passed=False, packages_select=None, packages_skip=None, packages_select_regex=None, packages_skip_regex=None, packages_start=None, packages_end=None, cmake_args=None, cmake_target=None, cmake_target_skip_unavailable=False, cmake_clean_cache=False, cmake_clean_first=False, cmake_force_configure=False, ament_cmake_args=None, catkin_cmake_args=None, catkin_skip_building_tests=False, verb_parser=<colcon_defaults.argument_parser.defaults.DefaultArgumentsDecorator object at 0x773806a02510>, verb_extension=<colcon_core.verb.build.BuildVerb object at 0x773806b85280>, main=<bound method BuildVerb.main of <colcon_core.verb.build.BuildVerb object at 0x773806b85280>>)
[0.208s] Level 1:colcon.colcon_core.package_discovery:discover_packages(colcon_meta) check parameters
[0.209s] Level 1:colcon.colcon_core.package_discovery:discover_packages(recursive) check parameters
[0.209s] Level 1:colcon.colcon_core.package_discovery:discover_packages(ignore) check parameters
[0.209s] Level 1:colcon.colcon_core.package_discovery:discover_packages(path) check parameters
[0.209s] Level 1:colcon.colcon_core.package_discovery:discover_packages(colcon_meta) discover
[0.209s] Level 1:colcon.colcon_core.package_discovery:discover_packages(recursive) discover
[0.209s] INFO:colcon.colcon_core.package_discovery:Crawling recursively for packages in '/home/shinnosuke/projects/ros2-learning/ros_ws'
[0.209s] Level 1:colcon.colcon_core.package_identification:_identify(.) by extensions ['ignore', 'ignore_ament_install']
[0.209s] Level 1:colcon.colcon_core.package_identification:_identify(.) by extension 'ignore'
[0.209s] Level 1:colcon.colcon_core.package_identification:_identify(.) by extension 'ignore_ament_install'
[0.209s] Level 1:colcon.colcon_core.package_identification:_identify(.) by extensions ['colcon_pkg']
[0.209s] Level 1:colcon.colcon_core.package_identification:_identify(.) by extension 'colcon_pkg'
[0.209s] Level 1:colcon.colcon_core.package_identification:_identify(.) by extensions ['colcon_meta']
[0.210s] Level 1:colcon.colcon_core.package_identification:_identify(.) by extension 'colcon_meta'
[0.210s] Level 1:colcon.colcon_core.package_identification:_identify(.) by extensions ['ros']
[0.210s] Level 1:colcon.colcon_core.package_identification:_identify(.) by extension 'ros'
[0.242s] Level 1:colcon.colcon_core.package_identification:_identify(.) by extensions ['cmake', 'python']
[0.242s] Level 1:colcon.colcon_core.package_identification:_identify(.) by extension 'cmake'
[0.242s] Level 1:colcon.colcon_core.package_identification:_identify(.) by extension 'python'
[0.243s] Level 1:colcon.colcon_core.package_identification:_identify(.) by extensions ['python_setup_py']
[0.243s] Level 1:colcon.colcon_core.package_identification:_identify(.) by extension 'python_setup_py'
[0.243s] Level 1:colcon.colcon_core.package_identification:_identify(build) by extensions ['ignore', 'ignore_ament_install']
[0.243s] Level 1:colcon.colcon_core.package_identification:_identify(build) by extension 'ignore'
[0.243s] Level 1:colcon.colcon_core.package_identification:_identify(build) ignored
[0.243s] Level 1:colcon.colcon_core.package_identification:_identify(install) by extensions ['ignore', 'ignore_ament_install']
[0.243s] Level 1:colcon.colcon_core.package_identification:_identify(install) by extension 'ignore'
[0.243s] Level 1:colcon.colcon_core.package_identification:_identify(install) ignored
[0.244s] Level 1:colcon.colcon_core.package_identification:_identify(log) by extensions ['ignore', 'ignore_ament_install']
[0.244s] Level 1:colcon.colcon_core.package_identification:_identify(log) by extension 'ignore'
[0.244s] Level 1:colcon.colcon_core.package_identification:_identify(log) ignored
[0.244s] Level 1:colcon.colcon_core.package_identification:_identify(src) by extensions ['ignore', 'ignore_ament_install']
[0.244s] Level 1:colcon.colcon_core.package_identification:_identify(src) by extension 'ignore'
[0.244s] Level 1:colcon.colcon_core.package_identification:_identify(src) by extension 'ignore_ament_install'
[0.244s] Level 1:colcon.colcon_core.package_identification:_identify(src) by extensions ['colcon_pkg']
[0.244s] Level 1:colcon.colcon_core.package_identification:_identify(src) by extension 'colcon_pkg'
[0.244s] Level 1:colcon.colcon_core.package_identification:_identify(src) by extensions ['colcon_meta']
[0.245s] Level 1:colcon.colcon_core.package_identification:_identify(src) by extension 'colcon_meta'
[0.245s] Level 1:colcon.colcon_core.package_identification:_identify(src) by extensions ['ros']
[0.245s] Level 1:colcon.colcon_core.package_identification:_identify(src) by extension 'ros'
[0.245s] Level 1:colcon.colcon_core.package_identification:_identify(src) by extensions ['cmake', 'python']
[0.245s] Level 1:colcon.colcon_core.package_identification:_identify(src) by extension 'cmake'
[0.245s] Level 1:colcon.colcon_core.package_identification:_identify(src) by extension 'python'
[0.245s] Level 1:colcon.colcon_core.package_identification:_identify(src) by extensions ['python_setup_py']
[0.245s] Level 1:colcon.colcon_core.package_identification:_identify(src) by extension 'python_setup_py'
[0.245s] Level 1:colcon.colcon_core.package_identification:_identify(src/1hz_hello) by extensions ['ignore', 'ignore_ament_install']
[0.245s] Level 1:colcon.colcon_core.package_identification:_identify(src/1hz_hello) by extension 'ignore'
[0.245s] Level 1:colcon.colcon_core.package_identification:_identify(src/1hz_hello) by extension 'ignore_ament_install'
[0.245s] Level 1:colcon.colcon_core.package_identification:_identify(src/1hz_hello) by extensions ['colcon_pkg']
[0.245s] Level 1:colcon.colcon_core.package_identification:_identify(src/1hz_hello) by extension 'colcon_pkg'
[0.246s] Level 1:colcon.colcon_core.package_identification:_identify(src/1hz_hello) by extensions ['colcon_meta']
[0.246s] Level 1:colcon.colcon_core.package_identification:_identify(src/1hz_hello) by extension 'colcon_meta'
[0.246s] Level 1:colcon.colcon_core.package_identification:_identify(src/1hz_hello) by extensions ['ros']
[0.246s] Level 1:colcon.colcon_core.package_identification:_identify(src/1hz_hello) by extension 'ros'
[0.249s] DEBUG:colcon.colcon_core.package_identification:Package 'src/1hz_hello' with type 'ros.ament_python' and name '1hz_hello'
[0.249s] Level 1:colcon.colcon_core.package_identification:_identify(src/260621test) by extensions ['ignore', 'ignore_ament_install']
[0.249s] Level 1:colcon.colcon_core.package_identification:_identify(src/260621test) by extension 'ignore'
[0.249s] Level 1:colcon.colcon_core.package_identification:_identify(src/260621test) by extension 'ignore_ament_install'
[0.249s] Level 1:colcon.colcon_core.package_identification:_identify(src/260621test) by extensions ['colcon_pkg']
[0.249s] Level 1:colcon.colcon_core.package_identification:_identify(src/260621test) by extension 'colcon_pkg'
[0.249s] Level 1:colcon.colcon_core.package_identification:_identify(src/260621test) by extensions ['colcon_meta']
[0.249s] Level 1:colcon.colcon_core.package_identification:_identify(src/260621test) by extension 'colcon_meta'
[0.249s] Level 1:colcon.colcon_core.package_identification:_identify(src/260621test) by extensions ['ros']
[0.249s] Level 1:colcon.colcon_core.package_identification:_identify(src/260621test) by extension 'ros'
[0.250s] DEBUG:colcon.colcon_core.package_identification:Package 'src/260621test' with type 'ros.ament_python' and name '260621test'
[0.250s] Level 1:colcon.colcon_core.package_identification:_identify(src/my_learning_ros2) by extensions ['ignore', 'ignore_ament_install']
[0.250s] Level 1:colcon.colcon_core.package_identification:_identify(src/my_learning_ros2) by extension 'ignore'
[0.250s] Level 1:colcon.colcon_core.package_identification:_identify(src/my_learning_ros2) by extension 'ignore_ament_install'
[0.250s] Level 1:colcon.colcon_core.package_identification:_identify(src/my_learning_ros2) by extensions ['colcon_pkg']
[0.250s] Level 1:colcon.colcon_core.package_identification:_identify(src/my_learning_ros2) by extension 'colcon_pkg'
[0.251s] Level 1:colcon.colcon_core.package_identification:_identify(src/my_learning_ros2) by extensions ['colcon_meta']
[0.251s] Level 1:colcon.colcon_core.package_identification:_identify(src/my_learning_ros2) by extension 'colcon_meta'
[0.251s] Level 1:colcon.colcon_core.package_identification:_identify(src/my_learning_ros2) by extensions ['ros']
[0.251s] Level 1:colcon.colcon_core.package_identification:_identify(src/my_learning_ros2) by extension 'ros'
[0.251s] DEBUG:colcon.colcon_core.package_identification:Package 'src/my_learning_ros2' with type 'ros.ament_python' and name 'my_learning_ros2'
[0.251s] Level 1:colcon.colcon_core.package_discovery:discover_packages(recursive) using defaults
[0.251s] Level 1:colcon.colcon_core.package_discovery:discover_packages(ignore) discover
[0.251s] Level 1:colcon.colcon_core.package_discovery:discover_packages(ignore) using defaults
[0.251s] Level 1:colcon.colcon_core.package_discovery:discover_packages(path) discover
[0.251s] Level 1:colcon.colcon_core.package_discovery:discover_packages(path) using defaults
[0.278s] Level 5:colcon.colcon_core.verb:set package '1hz_hello' build argument 'cmake_args' from command line to 'None'
[0.278s] Level 5:colcon.colcon_core.verb:set package '1hz_hello' build argument 'cmake_target' from command line to 'None'
[0.278s] Level 5:colcon.colcon_core.verb:set package '1hz_hello' build argument 'cmake_target_skip_unavailable' from command line to 'False'
[0.278s] Level 5:colcon.colcon_core.verb:set package '1hz_hello' build argument 'cmake_clean_cache' from command line to 'False'
[0.278s] Level 5:colcon.colcon_core.verb:set package '1hz_hello' build argument 'cmake_clean_first' from command line to 'False'
[0.278s] Level 5:colcon.colcon_core.verb:set package '1hz_hello' build argument 'cmake_force_configure' from command line to 'False'
[0.278s] Level 5:colcon.colcon_core.verb:set package '1hz_hello' build argument 'ament_cmake_args' from command line to 'None'
[0.278s] Level 5:colcon.colcon_core.verb:set package '1hz_hello' build argument 'catkin_cmake_args' from command line to 'None'
[0.278s] Level 5:colcon.colcon_core.verb:set package '1hz_hello' build argument 'catkin_skip_building_tests' from command line to 'False'
[0.278s] DEBUG:colcon.colcon_core.verb:Building package '1hz_hello' with the following arguments: {'ament_cmake_args': None, 'build_base': '/home/shinnosuke/projects/ros2-learning/ros_ws/build/1hz_hello', 'catkin_cmake_args': None, 'catkin_skip_building_tests': False, 'cmake_args': None, 'cmake_clean_cache': False, 'cmake_clean_first': False, 'cmake_force_configure': False, 'cmake_target': None, 'cmake_target_skip_unavailable': False, 'install_base': '/home/shinnosuke/projects/ros2-learning/ros_ws/install/1hz_hello', 'merge_install': False, 'path': '/home/shinnosuke/projects/ros2-learning/ros_ws/src/1hz_hello', 'symlink_install': False, 'test_result_base': None}
[0.279s] Level 5:colcon.colcon_core.verb:set package '260621test' build argument 'cmake_args' from command line to 'None'
[0.279s] Level 5:colcon.colcon_core.verb:set package '260621test' build argument 'cmake_target' from command line to 'None'
[0.279s] Level 5:colcon.colcon_core.verb:set package '260621test' build argument 'cmake_target_skip_unavailable' from command line to 'False'
[0.279s] Level 5:colcon.colcon_core.verb:set package '260621test' build argument 'cmake_clean_cache' from command line to 'False'
[0.279s] Level 5:colcon.colcon_core.verb:set package '260621test' build argument 'cmake_clean_first' from command line to 'False'
[0.279s] Level 5:colcon.colcon_core.verb:set package '260621test' build argument 'cmake_force_configure' from command line to 'False'
[0.279s] Level 5:colcon.colcon_core.verb:set package '260621test' build argument 'ament_cmake_args' from command line to 'None'
[0.279s] Level 5:colcon.colcon_core.verb:set package '260621test' build argument 'catkin_cmake_args' from command line to 'None'
[0.279s] Level 5:colcon.colcon_core.verb:set package '260621test' build argument 'catkin_skip_building_tests' from command line to 'False'
[0.279s] DEBUG:colcon.colcon_core.verb:Building package '260621test' with the following arguments: {'ament_cmake_args': None, 'build_base': '/home/shinnosuke/projects/ros2-learning/ros_ws/build/260621test', 'catkin_cmake_args': None, 'catkin_skip_building_tests': False, 'cmake_args': None, 'cmake_clean_cache': False, 'cmake_clean_first': False, 'cmake_force_configure': False, 'cmake_target': None, 'cmake_target_skip_unavailable': False, 'install_base': '/home/shinnosuke/projects/ros2-learning/ros_ws/install/260621test', 'merge_install': False, 'path': '/home/shinnosuke/projects/ros2-learning/ros_ws/src/260621test', 'symlink_install': False, 'test_result_base': None}
[0.279s] Level 5:colcon.colcon_core.verb:set package 'my_learning_ros2' build argument 'cmake_args' from command line to 'None'
[0.279s] Level 5:colcon.colcon_core.verb:set package 'my_learning_ros2' build argument 'cmake_target' from command line to 'None'
[0.279s] Level 5:colcon.colcon_core.verb:set package 'my_learning_ros2' build argument 'cmake_target_skip_unavailable' from command line to 'False'
[0.279s] Level 5:colcon.colcon_core.verb:set package 'my_learning_ros2' build argument 'cmake_clean_cache' from command line to 'False'
[0.279s] Level 5:colcon.colcon_core.verb:set package 'my_learning_ros2' build argument 'cmake_clean_first' from command line to 'False'
[0.279s] Level 5:colcon.colcon_core.verb:set package 'my_learning_ros2' build argument 'cmake_force_configure' from command line to 'False'
[0.279s] Level 5:colcon.colcon_core.verb:set package 'my_learning_ros2' build argument 'ament_cmake_args' from command line to 'None'
[0.279s] Level 5:colcon.colcon_core.verb:set package 'my_learning_ros2' build argument 'catkin_cmake_args' from command line to 'None'
[0.279s] Level 5:colcon.colcon_core.verb:set package 'my_learning_ros2' build argument 'catkin_skip_building_tests' from command line to 'False'
[0.279s] DEBUG:colcon.colcon_core.verb:Building package 'my_learning_ros2' with the following arguments: {'ament_cmake_args': None, 'build_base': '/home/shinnosuke/projects/ros2-learning/ros_ws/build/my_learning_ros2', 'catkin_cmake_args': None, 'catkin_skip_building_tests': False, 'cmake_args': None, 'cmake_clean_cache': False, 'cmake_clean_first': False, 'cmake_force_configure': False, 'cmake_target': None, 'cmake_target_skip_unavailable': False, 'install_base': '/home/shinnosuke/projects/ros2-learning/ros_ws/install/my_learning_ros2', 'merge_install': False, 'path': '/home/shinnosuke/projects/ros2-learning/ros_ws/src/my_learning_ros2', 'symlink_install': False, 'test_result_base': None}
[0.280s] INFO:colcon.colcon_core.executor:Executing jobs using 'parallel' executor
[0.281s] DEBUG:colcon.colcon_parallel_executor.executor.parallel:run_until_complete
[0.281s] INFO:colcon.colcon_ros.task.ament_python.build:Building ROS package in '/home/shinnosuke/projects/ros2-learning/ros_ws/src/1hz_hello' with build type 'ament_python'
[0.282s] Level 1:colcon.colcon_core.shell:create_environment_hook('1hz_hello', 'ament_prefix_path')
[0.285s] INFO:colcon.colcon_core.plugin_system:Skipping extension 'colcon_core.shell.bat': Not used on non-Windows systems
[0.285s] INFO:colcon.colcon_core.shell:Creating environment descriptor '/home/shinnosuke/projects/ros2-learning/ros_ws/install/1hz_hello/share/1hz_hello/hook/ament_prefix_path.dsv'
[0.287s] INFO:colcon.colcon_core.shell:Creating environment hook '/home/shinnosuke/projects/ros2-learning/ros_ws/install/1hz_hello/share/1hz_hello/hook/ament_prefix_path.sh'
[0.288s] DEBUG:colcon.colcon_core.shell:Skip shell extension 'dsv' for command environment
[0.294s] INFO:colcon.colcon_ros.task.ament_python.build:Building ROS package in '/home/shinnosuke/projects/ros2-learning/ros_ws/src/260621test' with build type 'ament_python'
[0.294s] Level 1:colcon.colcon_core.shell:create_environment_hook('260621test', 'ament_prefix_path')
[0.294s] INFO:colcon.colcon_core.shell:Creating environment descriptor '/home/shinnosuke/projects/ros2-learning/ros_ws/install/260621test/share/260621test/hook/ament_prefix_path.dsv'
[0.295s] INFO:colcon.colcon_core.shell:Creating environment hook '/home/shinnosuke/projects/ros2-learning/ros_ws/install/260621test/share/260621test/hook/ament_prefix_path.sh'
[0.296s] DEBUG:colcon.colcon_core.shell:Skip shell extension 'dsv' for command environment
[0.301s] INFO:colcon.colcon_ros.task.ament_python.build:Building ROS package in '/home/shinnosuke/projects/ros2-learning/ros_ws/src/my_learning_ros2' with build type 'ament_python'
[0.301s] Level 1:colcon.colcon_core.shell:create_environment_hook('my_learning_ros2', 'ament_prefix_path')
[0.302s] INFO:colcon.colcon_core.shell:Creating environment descriptor '/home/shinnosuke/projects/ros2-learning/ros_ws/install/my_learning_ros2/share/my_learning_ros2/hook/ament_prefix_path.dsv'
[0.303s] INFO:colcon.colcon_core.shell:Creating environment hook '/home/shinnosuke/projects/ros2-learning/ros_ws/install/my_learning_ros2/share/my_learning_ros2/hook/ament_prefix_path.sh'
[0.304s] DEBUG:colcon.colcon_core.shell:Skip shell extension 'dsv' for command environment
[0.556s] INFO:colcon.colcon_core.task.python.build:Building Python package in '/home/shinnosuke/projects/ros2-learning/ros_ws/src/1hz_hello'
[0.556s] DEBUG:colcon.colcon_core.shell:Skip shell extension 'dsv' for command environment
[0.835s] INFO:colcon.colcon_core.task.python.build:Building Python package in '/home/shinnosuke/projects/ros2-learning/ros_ws/src/260621test'
[0.835s] DEBUG:colcon.colcon_core.shell:Skip shell extension 'dsv' for command environment
[1.020s] INFO:colcon.colcon_core.task.python.build:Building Python package in '/home/shinnosuke/projects/ros2-learning/ros_ws/src/my_learning_ros2'
[1.020s] DEBUG:colcon.colcon_core.shell:Skip shell extension 'dsv' for command environment
[1.512s] DEBUG:colcon.colcon_core.event_handler.log_command:Invoking command in '/home/shinnosuke/projects/ros2-learning/ros_ws/src/my_learning_ros2': PYTHONPATH=/home/shinnosuke/projects/ros2-learning/ros_ws/build/my_learning_ros2/prefix_override:/usr/lib/python3/dist-packages/colcon_core/task/python/colcon_distutils_commands:/home/shinnosuke/projects/ros2-learning/ros_ws/install/my_learning_ros2/lib/python3.12/site-packages:${PYTHONPATH} /usr/bin/python3 -W ignore:setup.py install is deprecated -W ignore:easy_install command is deprecated setup.py egg_info --egg-base ../../build/my_learning_ros2 build --build-base /home/shinnosuke/projects/ros2-learning/ros_ws/build/my_learning_ros2/build install --record /home/shinnosuke/projects/ros2-learning/ros_ws/build/my_learning_ros2/install.log --single-version-externally-managed install_data
[1.518s] DEBUG:colcon.colcon_core.event_handler.log_command:Invoking command in '/home/shinnosuke/projects/ros2-learning/ros_ws/src/1hz_hello': PYTHONPATH=/home/shinnosuke/projects/ros2-learning/ros_ws/build/1hz_hello/prefix_override:/usr/lib/python3/dist-packages/colcon_core/task/python/colcon_distutils_commands:/home/shinnosuke/projects/ros2-learning/ros_ws/install/1hz_hello/lib/python3.12/site-packages:${PYTHONPATH} /usr/bin/python3 -W ignore:setup.py install is deprecated -W ignore:easy_install command is deprecated setup.py egg_info --egg-base ../../build/1hz_hello build --build-base /home/shinnosuke/projects/ros2-learning/ros_ws/build/1hz_hello/build install --record /home/shinnosuke/projects/ros2-learning/ros_ws/build/1hz_hello/install.log --single-version-externally-managed install_data
[1.524s] DEBUG:colcon.colcon_core.event_handler.log_command:Invoking command in '/home/shinnosuke/projects/ros2-learning/ros_ws/src/260621test': PYTHONPATH=/home/shinnosuke/projects/ros2-learning/ros_ws/build/260621test/prefix_override:/usr/lib/python3/dist-packages/colcon_core/task/python/colcon_distutils_commands:/home/shinnosuke/projects/ros2-learning/ros_ws/install/260621test/lib/python3.12/site-packages:${PYTHONPATH} /usr/bin/python3 -W ignore:setup.py install is deprecated -W ignore:easy_install command is deprecated setup.py egg_info --egg-base ../../build/260621test build --build-base /home/shinnosuke/projects/ros2-learning/ros_ws/build/260621test/build install --record /home/shinnosuke/projects/ros2-learning/ros_ws/build/260621test/install.log --single-version-externally-managed install_data
[1.955s] DEBUG:colcon.colcon_core.event_handler.log_command:Invoked command in '/home/shinnosuke/projects/ros2-learning/ros_ws/src/1hz_hello' returned '0': PYTHONPATH=/home/shinnosuke/projects/ros2-learning/ros_ws/build/1hz_hello/prefix_override:/usr/lib/python3/dist-packages/colcon_core/task/python/colcon_distutils_commands:/home/shinnosuke/projects/ros2-learning/ros_ws/install/1hz_hello/lib/python3.12/site-packages:${PYTHONPATH} /usr/bin/python3 -W ignore:setup.py install is deprecated -W ignore:easy_install command is deprecated setup.py egg_info --egg-base ../../build/1hz_hello build --build-base /home/shinnosuke/projects/ros2-learning/ros_ws/build/1hz_hello/build install --record /home/shinnosuke/projects/ros2-learning/ros_ws/build/1hz_hello/install.log --single-version-externally-managed install_data
[1.959s] Level 1:colcon.colcon_core.environment:checking '/home/shinnosuke/projects/ros2-learning/ros_ws/install/1hz_hello' for CMake module files
[1.960s] Level 1:colcon.colcon_core.environment:checking '/home/shinnosuke/projects/ros2-learning/ros_ws/install/1hz_hello' for CMake config files
[1.961s] Level 1:colcon.colcon_core.environment:checking '/home/shinnosuke/projects/ros2-learning/ros_ws/install/1hz_hello/lib'
[1.961s] Level 1:colcon.colcon_core.environment:checking '/home/shinnosuke/projects/ros2-learning/ros_ws/install/1hz_hello/bin'
[1.962s] Level 1:colcon.colcon_core.environment:checking '/home/shinnosuke/projects/ros2-learning/ros_ws/install/1hz_hello/lib/pkgconfig/1hz_hello.pc'
[1.962s] Level 1:colcon.colcon_core.environment:checking '/home/shinnosuke/projects/ros2-learning/ros_ws/install/1hz_hello/lib/python3.12/site-packages'
[1.962s] Level 1:colcon.colcon_core.shell:create_environment_hook('1hz_hello', 'pythonpath')
[1.963s] INFO:colcon.colcon_core.shell:Creating environment descriptor '/home/shinnosuke/projects/ros2-learning/ros_ws/install/1hz_hello/share/1hz_hello/hook/pythonpath.dsv'
[1.964s] INFO:colcon.colcon_core.shell:Creating environment hook '/home/shinnosuke/projects/ros2-learning/ros_ws/install/1hz_hello/share/1hz_hello/hook/pythonpath.sh'
[1.965s] Level 1:colcon.colcon_core.environment:checking '/home/shinnosuke/projects/ros2-learning/ros_ws/install/1hz_hello/bin'
[1.965s] Level 1:colcon.colcon_core.environment:create_environment_scripts_only(1hz_hello)
[1.966s] INFO:colcon.colcon_core.shell:Creating package descriptor '/home/shinnosuke/projects/ros2-learning/ros_ws/install/1hz_hello/share/1hz_hello/package.dsv'
[1.966s] INFO:colcon.colcon_core.shell:Creating package script '/home/shinnosuke/projects/ros2-learning/ros_ws/install/1hz_hello/share/1hz_hello/package.sh'
[1.967s] INFO:colcon.colcon_core.shell:Creating package script '/home/shinnosuke/projects/ros2-learning/ros_ws/install/1hz_hello/share/1hz_hello/package.bash'
[1.969s] INFO:colcon.colcon_core.shell:Creating package script '/home/shinnosuke/projects/ros2-learning/ros_ws/install/1hz_hello/share/1hz_hello/package.zsh'
[1.970s] Level 1:colcon.colcon_core.environment:create_file_with_runtime_dependencies(/home/shinnosuke/projects/ros2-learning/ros_ws/install/1hz_hello/share/colcon-core/packages/1hz_hello)
[1.974s] Level 1:colcon.colcon_core.environment:checking '/home/shinnosuke/projects/ros2-learning/ros_ws/install/260621test' for CMake module files
[1.975s] DEBUG:colcon.colcon_core.event_handler.log_command:Invoked command in '/home/shinnosuke/projects/ros2-learning/ros_ws/src/260621test' returned '0': PYTHONPATH=/home/shinnosuke/projects/ros2-learning/ros_ws/build/260621test/prefix_override:/usr/lib/python3/dist-packages/colcon_core/task/python/colcon_distutils_commands:/home/shinnosuke/projects/ros2-learning/ros_ws/install/260621test/lib/python3.12/site-packages:${PYTHONPATH} /usr/bin/python3 -W ignore:setup.py install is deprecated -W ignore:easy_install command is deprecated setup.py egg_info --egg-base ../../build/260621test build --build-base /home/shinnosuke/projects/ros2-learning/ros_ws/build/260621test/build install --record /home/shinnosuke/projects/ros2-learning/ros_ws/build/260621test/install.log --single-version-externally-managed install_data
[1.976s] Level 1:colcon.colcon_core.environment:checking '/home/shinnosuke/projects/ros2-learning/ros_ws/install/260621test' for CMake config files
[1.977s] Level 1:colcon.colcon_core.environment:checking '/home/shinnosuke/projects/ros2-learning/ros_ws/install/260621test/lib'
[1.977s] Level 1:colcon.colcon_core.environment:checking '/home/shinnosuke/projects/ros2-learning/ros_ws/install/260621test/bin'
[1.977s] Level 1:colcon.colcon_core.environment:checking '/home/shinnosuke/projects/ros2-learning/ros_ws/install/260621test/lib/pkgconfig/260621test.pc'
[1.977s] Level 1:colcon.colcon_core.environment:checking '/home/shinnosuke/projects/ros2-learning/ros_ws/install/260621test/lib/python3.12/site-packages'
[1.978s] Level 1:colcon.colcon_core.shell:create_environment_hook('260621test', 'pythonpath')
[1.978s] INFO:colcon.colcon_core.shell:Creating environment descriptor '/home/shinnosuke/projects/ros2-learning/ros_ws/install/260621test/share/260621test/hook/pythonpath.dsv'
[1.979s] INFO:colcon.colcon_core.shell:Creating environment hook '/home/shinnosuke/projects/ros2-learning/ros_ws/install/260621test/share/260621test/hook/pythonpath.sh'
[1.981s] Level 1:colcon.colcon_core.environment:checking '/home/shinnosuke/projects/ros2-learning/ros_ws/install/260621test/bin'
[1.981s] Level 1:colcon.colcon_core.environment:create_environment_scripts_only(260621test)
[1.982s] INFO:colcon.colcon_core.shell:Creating package descriptor '/home/shinnosuke/projects/ros2-learning/ros_ws/install/260621test/share/260621test/package.dsv'
[1.982s] INFO:colcon.colcon_core.shell:Creating package script '/home/shinnosuke/projects/ros2-learning/ros_ws/install/260621test/share/260621test/package.sh'
[1.983s] INFO:colcon.colcon_core.shell:Creating package script '/home/shinnosuke/projects/ros2-learning/ros_ws/install/260621test/share/260621test/package.bash'
[1.984s] INFO:colcon.colcon_core.shell:Creating package script '/home/shinnosuke/projects/ros2-learning/ros_ws/install/260621test/share/260621test/package.zsh'
[1.985s] Level 1:colcon.colcon_core.environment:create_file_with_runtime_dependencies(/home/shinnosuke/projects/ros2-learning/ros_ws/install/260621test/share/colcon-core/packages/260621test)
[2.007s] Level 1:colcon.colcon_core.environment:checking '/home/shinnosuke/projects/ros2-learning/ros_ws/install/my_learning_ros2' for CMake module files
[2.008s] DEBUG:colcon.colcon_core.event_handler.log_command:Invoked command in '/home/shinnosuke/projects/ros2-learning/ros_ws/src/my_learning_ros2' returned '0': PYTHONPATH=/home/shinnosuke/projects/ros2-learning/ros_ws/build/my_learning_ros2/prefix_override:/usr/lib/python3/dist-packages/colcon_core/task/python/colcon_distutils_commands:/home/shinnosuke/projects/ros2-learning/ros_ws/install/my_learning_ros2/lib/python3.12/site-packages:${PYTHONPATH} /usr/bin/python3 -W ignore:setup.py install is deprecated -W ignore:easy_install command is deprecated setup.py egg_info --egg-base ../../build/my_learning_ros2 build --build-base /home/shinnosuke/projects/ros2-learning/ros_ws/build/my_learning_ros2/build install --record /home/shinnosuke/projects/ros2-learning/ros_ws/build/my_learning_ros2/install.log --single-version-externally-managed install_data
[2.009s] Level 1:colcon.colcon_core.environment:checking '/home/shinnosuke/projects/ros2-learning/ros_ws/install/my_learning_ros2' for CMake config files
[2.010s] Level 1:colcon.colcon_core.environment:checking '/home/shinnosuke/projects/ros2-learning/ros_ws/install/my_learning_ros2/lib'
[2.010s] Level 1:colcon.colcon_core.environment:checking '/home/shinnosuke/projects/ros2-learning/ros_ws/install/my_learning_ros2/bin'
[2.011s] Level 1:colcon.colcon_core.environment:checking '/home/shinnosuke/projects/ros2-learning/ros_ws/install/my_learning_ros2/lib/pkgconfig/my_learning_ros2.pc'
[2.011s] Level 1:colcon.colcon_core.environment:checking '/home/shinnosuke/projects/ros2-learning/ros_ws/install/my_learning_ros2/lib/python3.12/site-packages'
[2.011s] Level 1:colcon.colcon_core.shell:create_environment_hook('my_learning_ros2', 'pythonpath')
[2.012s] INFO:colcon.colcon_core.shell:Creating environment descriptor '/home/shinnosuke/projects/ros2-learning/ros_ws/install/my_learning_ros2/share/my_learning_ros2/hook/pythonpath.dsv'
[2.012s] INFO:colcon.colcon_core.shell:Creating environment hook '/home/shinnosuke/projects/ros2-learning/ros_ws/install/my_learning_ros2/share/my_learning_ros2/hook/pythonpath.sh'
[2.014s] Level 1:colcon.colcon_core.environment:checking '/home/shinnosuke/projects/ros2-learning/ros_ws/install/my_learning_ros2/bin'
[2.014s] Level 1:colcon.colcon_core.environment:create_environment_scripts_only(my_learning_ros2)
[2.014s] INFO:colcon.colcon_core.shell:Creating package descriptor '/home/shinnosuke/projects/ros2-learning/ros_ws/install/my_learning_ros2/share/my_learning_ros2/package.dsv'
[2.015s] INFO:colcon.colcon_core.shell:Creating package script '/home/shinnosuke/projects/ros2-learning/ros_ws/install/my_learning_ros2/share/my_learning_ros2/package.sh'
[2.016s] INFO:colcon.colcon_core.shell:Creating package script '/home/shinnosuke/projects/ros2-learning/ros_ws/install/my_learning_ros2/share/my_learning_ros2/package.bash'
[2.017s] INFO:colcon.colcon_core.shell:Creating package script '/home/shinnosuke/projects/ros2-learning/ros_ws/install/my_learning_ros2/share/my_learning_ros2/package.zsh'
[2.017s] Level 1:colcon.colcon_core.environment:create_file_with_runtime_dependencies(/home/shinnosuke/projects/ros2-learning/ros_ws/install/my_learning_ros2/share/colcon-core/packages/my_learning_ros2)
[2.018s] DEBUG:colcon.colcon_parallel_executor.executor.parallel:closing loop
[2.019s] DEBUG:colcon.colcon_parallel_executor.executor.parallel:loop closed
[2.019s] DEBUG:colcon.colcon_parallel_executor.executor.parallel:run_until_complete finished with '0'
[2.020s] DEBUG:colcon.colcon_core.event_reactor:joining thread
[2.052s] INFO:colcon.colcon_core.plugin_system:Skipping extension 'colcon_notification.desktop_notification.notify_send': Could not find 'notify-send'
[2.052s] INFO:colcon.colcon_core.plugin_system:Skipping extension 'colcon_notification.desktop_notification.terminal_notifier': Not used on non-Darwin systems
[2.052s] INFO:colcon.colcon_core.plugin_system:Skipping extension 'colcon_notification.desktop_notification.win32': Not used on non-Windows systems
[2.053s] INFO:colcon.colcon_notification.desktop_notification:Sending desktop notification using 'notify2'
[2.056s] DEBUG:colcon.colcon_notification.desktop_notification.notify2:Failed to initialize notify2: org.freedesktop.DBus.Error.ServiceUnknown: The name org.freedesktop.Notifications was not provided by any .service files
[2.057s] DEBUG:colcon.colcon_core.event_reactor:joined thread
[2.057s] INFO:colcon.colcon_core.shell:Creating prefix script '/home/shinnosuke/projects/ros2-learning/ros_ws/install/local_setup.sh'
[2.058s] INFO:colcon.colcon_core.shell:Creating prefix util module '/home/shinnosuke/projects/ros2-learning/ros_ws/install/_local_setup_util_sh.py'
[2.061s] INFO:colcon.colcon_core.shell:Creating prefix chain script '/home/shinnosuke/projects/ros2-learning/ros_ws/install/setup.sh'
[2.062s] INFO:colcon.colcon_core.shell:Creating prefix script '/home/shinnosuke/projects/ros2-learning/ros_ws/install/local_setup.bash'
[2.062s] INFO:colcon.colcon_core.shell:Creating prefix chain script '/home/shinnosuke/projects/ros2-learning/ros_ws/install/setup.bash'
[2.063s] INFO:colcon.colcon_core.shell:Creating prefix script '/home/shinnosuke/projects/ros2-learning/ros_ws/install/local_setup.zsh'
[2.064s] INFO:colcon.colcon_core.shell:Creating prefix chain script '/home/shinnosuke/projects/ros2-learning/ros_ws/install/setup.zsh'
